Archive member included to satisfy reference by file (symbol)

/opt/gcc-arm-none-eabi-9-2020-q2-update/bin/../lib/gcc/arm-none-eabi/9.3.1/../../../../arm-none-eabi/lib/thumb/v7e-m+fp/hard/libc_nano.a(lib_a-exit.o)
                              /opt/gcc-arm-none-eabi-9-2020-q2-update/bin/../lib/gcc/arm-none-eabi/9.3.1/../../../../arm-none-eabi/lib/thumb/v7e-m+fp/hard/crt0.o (exit)
/opt/gcc-arm-none-eabi-9-2020-q2-update/bin/../lib/gcc/arm-none-eabi/9.3.1/../../../../arm-none-eabi/lib/thumb/v7e-m+fp/hard/libc_nano.a(lib_a-impure.o)
                              /opt/gcc-arm-none-eabi-9-2020-q2-update/bin/../lib/gcc/arm-none-eabi/9.3.1/../../../../arm-none-eabi/lib/thumb/v7e-m+fp/hard/libc_nano.a(lib_a-exit.o) (_global_impure_ptr)
/opt/gcc-arm-none-eabi-9-2020-q2-update/bin/../lib/gcc/arm-none-eabi/9.3.1/../../../../arm-none-eabi/lib/thumb/v7e-m+fp/hard/libc_nano.a(lib_a-init.o)
                              /opt/gcc-arm-none-eabi-9-2020-q2-update/bin/../lib/gcc/arm-none-eabi/9.3.1/../../../../arm-none-eabi/lib/thumb/v7e-m+fp/hard/crt0.o (__libc_init_array)
/opt/gcc-arm-none-eabi-9-2020-q2-update/bin/../lib/gcc/arm-none-eabi/9.3.1/../../../../arm-none-eabi/lib/thumb/v7e-m+fp/hard/libc_nano.a(lib_a-memcpy-stub.o)
                              build/queue.o (memcpy)
/opt/gcc-arm-none-eabi-9-2020-q2-update/bin/../lib/gcc/arm-none-eabi/9.3.1/../../../../arm-none-eabi/lib/thumb/v7e-m+fp/hard/libc_nano.a(lib_a-memset.o)
                              /opt/gcc-arm-none-eabi-9-2020-q2-update/bin/../lib/gcc/arm-none-eabi/9.3.1/../../../../arm-none-eabi/lib/thumb/v7e-m+fp/hard/crt0.o (memset)
/opt/gcc-arm-none-eabi-9-2020-q2-update/bin/../lib/gcc/arm-none-eabi/9.3.1/../../../../arm-none-eabi/lib/thumb/v7e-m+fp/hard/libnosys.a(_exit.o)
                              /opt/gcc-arm-none-eabi-9-2020-q2-update/bin/../lib/gcc/arm-none-eabi/9.3.1/../../../../arm-none-eabi/lib/thumb/v7e-m+fp/hard/libc_nano.a(lib_a-exit.o) (_exit)
/opt/gcc-arm-none-eabi-9-2020-q2-update/bin/../lib/gcc/arm-none-eabi/9.3.1/thumb/v7e-m+fp/hard/libgcc.a(_aeabi_ldivmod.o)
                              build/stm32f4xx_hal_rcc.o (__aeabi_ldivmod)
/opt/gcc-arm-none-eabi-9-2020-q2-update/bin/../lib/gcc/arm-none-eabi/9.3.1/thumb/v7e-m+fp/hard/libgcc.a(_aeabi_uldivmod.o)
                              build/stm32f4xx_hal_rcc.o (__aeabi_uldivmod)
/opt/gcc-arm-none-eabi-9-2020-q2-update/bin/../lib/gcc/arm-none-eabi/9.3.1/thumb/v7e-m+fp/hard/libgcc.a(_udivmoddi4.o)
                              /opt/gcc-arm-none-eabi-9-2020-q2-update/bin/../lib/gcc/arm-none-eabi/9.3.1/thumb/v7e-m+fp/hard/libgcc.a(_aeabi_ldivmod.o) (__udivmoddi4)
/opt/gcc-arm-none-eabi-9-2020-q2-update/bin/../lib/gcc/arm-none-eabi/9.3.1/thumb/v7e-m+fp/hard/libgcc.a(_dvmd_tls.o)
                              /opt/gcc-arm-none-eabi-9-2020-q2-update/bin/../lib/gcc/arm-none-eabi/9.3.1/thumb/v7e-m+fp/hard/libgcc.a(_aeabi_ldivmod.o) (__aeabi_ldiv0)

Allocating common symbols
Common symbol       size              file

hUsbDeviceFS        0x2d0             build/usb_device.o
defaultTaskHandle   0x4               build/freertos.o
hpcd_USB_OTG_FS     0x408             build/usbd_conf.o
hi2c2               0x54              build/i2c.o
uwTick              0x4               build/stm32f4xx_hal.o
xQueueRegistry      0x40              build/queue.o
pFlash              0x20              build/stm32f4xx_hal_flash.o
UserRxBufferFS      0x800             build/usbd_cdc_if.o
UserTxBufferFS      0x800             build/usbd_cdc_if.o
hspi1               0x58              build/spi.o
htim2               0x48              build/stm32f4xx_hal_timebase_tim.o
USBD_StrDesc        0x200             build/usbd_desc.o

Discarded input sections

 .text          0x0000000000000000        0x0 /opt/gcc-arm-none-eabi-9-2020-q2-update/bin/../lib/gcc/arm-none-eabi/9.3.1/thumb/v7e-m+fp/hard/crti.o
 .data          0x0000000000000000        0x0 /opt/gcc-arm-none-eabi-9-2020-q2-update/bin/../lib/gcc/arm-none-eabi/9.3.1/thumb/v7e-m+fp/hard/crti.o
 .bss           0x0000000000000000        0x0 /opt/gcc-arm-none-eabi-9-2020-q2-update/bin/../lib/gcc/arm-none-eabi/9.3.1/thumb/v7e-m+fp/hard/crti.o
 .data          0x0000000000000000        0x4 /opt/gcc-arm-none-eabi-9-2020-q2-update/bin/../lib/gcc/arm-none-eabi/9.3.1/thumb/v7e-m+fp/hard/crtbegin.o
 .text          0x0000000000000000       0x7c /opt/gcc-arm-none-eabi-9-2020-q2-update/bin/../lib/gcc/arm-none-eabi/9.3.1/../../../../arm-none-eabi/lib/thumb/v7e-m+fp/hard/crt0.o
 .data          0x0000000000000000        0x0 /opt/gcc-arm-none-eabi-9-2020-q2-update/bin/../lib/gcc/arm-none-eabi/9.3.1/../../../../arm-none-eabi/lib/thumb/v7e-m+fp/hard/crt0.o
 .bss           0x0000000000000000        0x0 /opt/gcc-arm-none-eabi-9-2020-q2-update/bin/../lib/gcc/arm-none-eabi/9.3.1/../../../../arm-none-eabi/lib/thumb/v7e-m+fp/hard/crt0.o
[...]
Memory Configuration

Name             Origin             Length             Attributes
RAM              0x0000000020000000 0x0000000000020000 xrw
CCMRAM           0x0000000010000000 0x0000000000010000 xrw
FLASH            0x0000000008000000 0x0000000000100000 xr
*default*        0x0000000000000000 0xffffffffffffffff

Linker script and memory map

LOAD /opt/gcc-arm-none-eabi-9-2020-q2-update/bin/../lib/gcc/arm-none-eabi/9.3.1/thumb/v7e-m+fp/hard/crti.o
LOAD /opt/gcc-arm-none-eabi-9-2020-q2-update/bin/../lib/gcc/arm-none-eabi/9.3.1/thumb/v7e-m+fp/hard/crtbegin.o
LOAD /opt/gcc-arm-none-eabi-9-2020-q2-update/bin/../lib/gcc/arm-none-eabi/9.3.1/../../../../arm-none-eabi/lib/thumb/v7e-m+fp/hard/crt0.o
LOAD build/main.o
LOAD build/gpio.o
LOAD build/freertos.o
LOAD build/i2c.o
LOAD build/spi.o
LOAD build/usb_device.o
LOAD build/usbd_conf.o
LOAD build/usbd_desc.o
LOAD build/usbd_cdc_if.o
LOAD build/stm32f4xx_it.o
LOAD build/stm32f4xx_hal_msp.o
LOAD build/stm32f4xx_hal_timebase_tim.o
LOAD build/stm32f4xx_hal_pcd.o
LOAD build/stm32f4xx_hal_pcd_ex.o
LOAD build/stm32f4xx_ll_usb.o
LOAD build/stm32f4xx_hal_rcc.o
LOAD build/stm32f4xx_hal_rcc_ex.o
LOAD build/stm32f4xx_hal_flash.o
LOAD build/stm32f4xx_hal_flash_ex.o
LOAD build/stm32f4xx_hal_flash_ramfunc.o
LOAD build/stm32f4xx_hal_gpio.o
LOAD build/stm32f4xx_hal_dma_ex.o
LOAD build/stm32f4xx_hal_dma.o
LOAD build/stm32f4xx_hal_pwr.o
LOAD build/stm32f4xx_hal_pwr_ex.o
LOAD build/stm32f4xx_hal_cortex.o
LOAD build/stm32f4xx_hal.o
LOAD build/stm32f4xx_hal_exti.o
LOAD build/stm32f4xx_hal_i2c.o
LOAD build/stm32f4xx_hal_i2c_ex.o
LOAD build/stm32f4xx_hal_spi.o
LOAD build/stm32f4xx_hal_tim.o
LOAD build/stm32f4xx_hal_tim_ex.o
LOAD build/system_stm32f4xx.o
LOAD build/croutine.o
LOAD build/event_groups.o
LOAD build/list.o
LOAD build/queue.o
LOAD build/stream_buffer.o
LOAD build/tasks.o
LOAD build/timers.o
LOAD build/cmsis_os.o
LOAD build/heap_4.o
LOAD build/port.o
LOAD build/usbd_core.o
LOAD build/usbd_ctlreq.o
LOAD build/usbd_ioreq.o
LOAD build/usbd_cdc.o
LOAD build/startup_stm32f405xx.o
LOAD /opt/gcc-arm-none-eabi-9-2020-q2-update/bin/../lib/gcc/arm-none-eabi/9.3.1/../../../../arm-none-eabi/lib/thumb/v7e-m+fp/hard/libc_nano.a
LOAD /opt/gcc-arm-none-eabi-9-2020-q2-update/bin/../lib/gcc/arm-none-eabi/9.3.1/../../../../arm-none-eabi/lib/thumb/v7e-m+fp/hard/libm.a
LOAD /opt/gcc-arm-none-eabi-9-2020-q2-update/bin/../lib/gcc/arm-none-eabi/9.3.1/../../../../arm-none-eabi/lib/thumb/v7e-m+fp/hard/libnosys.a
START GROUP
LOAD /opt/gcc-arm-none-eabi-9-2020-q2-update/bin/../lib/gcc/arm-none-eabi/9.3.1/thumb/v7e-m+fp/hard/libgcc.a
LOAD /opt/gcc-arm-none-eabi-9-2020-q2-update/bin/../lib/gcc/arm-none-eabi/9.3.1/../../../../arm-none-eabi/lib/thumb/v7e-m+fp/hard/libc_nano.a
END GROUP
START GROUP
LOAD /opt/gcc-arm-none-eabi-9-2020-q2-update/bin/../lib/gcc/arm-none-eabi/9.3.1/thumb/v7e-m+fp/hard/libgcc.a
LOAD /opt/gcc-arm-none-eabi-9-2020-q2-update/bin/../lib/gcc/arm-none-eabi/9.3.1/../../../../arm-none-eabi/lib/thumb/v7e-m+fp/hard/libc_nano.a
END GROUP
LOAD /opt/gcc-arm-none-eabi-9-2020-q2-update/bin/../lib/gcc/arm-none-eabi/9.3.1/thumb/v7e-m+fp/hard/crtend.o
LOAD /opt/gcc-arm-none-eabi-9-2020-q2-update/bin/../lib/gcc/arm-none-eabi/9.3.1/thumb/v7e-m+fp/hard/crtn.o
                0x0000000020020000                _estack = 0x20020000
                0x0000000000000200                _Min_Heap_Size = 0x200
                0x0000000000000400                _Min_Stack_Size = 0x400

.isr_vector     0x0000000008000000      0x188
                0x0000000008000000                . = ALIGN (0x4)
 *(.isr_vector)
 .isr_vector    0x0000000008000000      0x188 build/startup_stm32f405xx.o
                0x0000000008000000                g_pfnVectors
                0x0000000008000188                . = ALIGN (0x4)

.text           0x0000000008000190     0x3338
                0x0000000008000190                . = ALIGN (0x4)
 *(.text)
 .text          0x0000000008000190       0x40 /opt/gcc-arm-none-eabi-9-2020-q2-update/bin/../lib/gcc/arm-none-eabi/9.3.1/thumb/v7e-m+fp/hard/crtbegin.o
 .text          0x00000000080001d0       0x30 /opt/gcc-arm-none-eabi-9-2020-q2-update/bin/../lib/gcc/arm-none-eabi/9.3.1/thumb/v7e-m+fp/hard/libgcc.a(_aeabi_uldivmod.o)
                0x00000000080001d0                __aeabi_uldivmod
 .text          0x0000000008000200      0x2c4 /opt/gcc-arm-none-eabi-9-2020-q2-update/bin/../lib/gcc/arm-none-eabi/9.3.1/thumb/v7e-m+fp/hard/libgcc.a(_udivmoddi4.o)
                0x0000000008000200                __udivmoddi4
 .text          0x00000000080004c4        0x4 /opt/gcc-arm-none-eabi-9-2020-q2-update/bin/../lib/gcc/arm-none-eabi/9.3.1/thumb/v7e-m+fp/hard/libgcc.a(_dvmd_tls.o)
                0x00000000080004c4                __aeabi_ldiv0
                0x00000000080004c4                __aeabi_idiv0
 *(.text*)
 .text.SystemClock_Config
                0x00000000080004c8       0xa4 build/main.o
                0x00000000080004c8                SystemClock_Config
 .text.startup.main
                0x000000000800056c       0x30 build/main.o
                0x000000000800056c                main
 .text.HAL_TIM_PeriodElapsedCallback
                0x000000000800059c       0x10 build/main.o
                0x000000000800059c                HAL_TIM_PeriodElapsedCallback
 .text.Error_Handler
                0x00000000080005ac        0x4 build/main.o
                0x00000000080005ac                Error_Handler
 .text.MX_GPIO_Init
                0x00000000080005b0      0x12c build/gpio.o
                0x00000000080005b0                MX_GPIO_Init
 .text.MX_I2C2_Init
                0x00000000080006dc       0x3c build/i2c.o
                0x00000000080006dc                MX_I2C2_Init
 .text.HAL_I2C_MspInit
                0x0000000008000718       0x74 build/i2c.o
                0x0000000008000718                HAL_I2C_MspInit
 .text.MX_SPI1_Init
                0x000000000800078c       0x44 build/spi.o
                0x000000000800078c                MX_SPI1_Init
 .text.HAL_SPI_MspInit
                0x00000000080007d0       0x9c build/spi.o
                0x00000000080007d0                HAL_SPI_MspInit
 .text.HAL_PCD_SetupStageCallback
                0x000000000800086c        0xc build/usbd_conf.o
                0x000000000800086c                HAL_PCD_SetupStageCallback
 .text.HAL_PCD_DataOutStageCallback
                0x0000000008000878       0x14 build/usbd_conf.o
                0x0000000008000878                HAL_PCD_DataOutStageCallback
 .text.HAL_PCD_DataInStageCallback
                0x000000000800088c       0x14 build/usbd_conf.o
                0x000000000800088c                HAL_PCD_DataInStageCallback
 .text.HAL_PCD_SOFCallback
                0x00000000080008a0        0x8 build/usbd_conf.o
                0x00000000080008a0                HAL_PCD_SOFCallback
 .text.HAL_PCD_ResetCallback
                0x00000000080008a8       0x2c build/usbd_conf.o
                0x00000000080008a8                HAL_PCD_ResetCallback
 .text.HAL_PCD_SuspendCallback
                0x00000000080008d4       0x30 build/usbd_conf.o
                0x00000000080008d4                HAL_PCD_SuspendCallback
 .text.HAL_PCD_ResumeCallback
                0x0000000008000904        0x8 build/usbd_conf.o
                0x0000000008000904                HAL_PCD_ResumeCallback
 .text.HAL_PCD_ISOOUTIncompleteCallback
                0x000000000800090c        0x8 build/usbd_conf.o
                0x000000000800090c                HAL_PCD_ISOOUTIncompleteCallback
 .text.HAL_PCD_ISOINIncompleteCallback
                0x0000000008000914        0x8 build/usbd_conf.o
                0x0000000008000914                HAL_PCD_ISOINIncompleteCallback
 .text.HAL_PCD_ConnectCallback
                0x000000000800091c        0x8 build/usbd_conf.o
                0x000000000800091c                HAL_PCD_ConnectCallback
 .text.HAL_PCD_DisconnectCallback
                0x0000000008000924        0x8 build/usbd_conf.o
                0x0000000008000924                HAL_PCD_DisconnectCallback
 .text.USBD_LL_OpenEP
                0x000000000800092c       0x20 build/usbd_conf.o
                0x000000000800092c                USBD_LL_OpenEP
 .text.USBD_LL_StallEP
                0x000000000800094c       0x1c build/usbd_conf.o
                0x000000000800094c                USBD_LL_StallEP
 .text.USBD_LL_ClearStallEP
                0x0000000008000968       0x1c build/usbd_conf.o
                0x0000000008000968                USBD_LL_ClearStallEP
 .text.USBD_LL_IsStallEP
                0x0000000008000984       0x28 build/usbd_conf.o
                0x0000000008000984                USBD_LL_IsStallEP
 .text.USBD_LL_SetUSBAddress
                0x00000000080009ac       0x1c build/usbd_conf.o
                0x00000000080009ac                USBD_LL_SetUSBAddress
 .text.USBD_LL_Transmit
                0x00000000080009c8       0x1c build/usbd_conf.o
                0x00000000080009c8                USBD_LL_Transmit
 .text.USBD_LL_PrepareReceive
                0x00000000080009e4       0x1c build/usbd_conf.o
                0x00000000080009e4                USBD_LL_PrepareReceive
 .text.NMI_Handler
                0x0000000008000a00        0x4 build/stm32f4xx_it.o
                0x0000000008000a00                NMI_Handler
 .text.HardFault_Handler
                0x0000000008000a04        0x4 build/stm32f4xx_it.o
                0x0000000008000a04                HardFault_Handler
 .text.MemManage_Handler
                0x0000000008000a08        0x4 build/stm32f4xx_it.o
                0x0000000008000a08                MemManage_Handler
 .text.BusFault_Handler
                0x0000000008000a0c        0x4 build/stm32f4xx_it.o
                0x0000000008000a0c                BusFault_Handler
 .text.UsageFault_Handler
                0x0000000008000a10        0x4 build/stm32f4xx_it.o
                0x0000000008000a10                UsageFault_Handler
 .text.DebugMon_Handler
                0x0000000008000a14        0x4 build/stm32f4xx_it.o
                0x0000000008000a14                DebugMon_Handler
 .text.TIM2_IRQHandler
                0x0000000008000a18        0xc build/stm32f4xx_it.o
                0x0000000008000a18                TIM2_IRQHandler
 .text.OTG_FS_IRQHandler
                0x0000000008000a24        0xc build/stm32f4xx_it.o
                0x0000000008000a24                OTG_FS_IRQHandler
 .text.HAL_MspInit
                0x0000000008000a30       0x40 build/stm32f4xx_hal_msp.o
                0x0000000008000a30                HAL_MspInit
 .text.HAL_InitTick
                0x0000000008000a70       0x7c build/stm32f4xx_hal_timebase_tim.o
                0x0000000008000a70                HAL_InitTick
 .text.HAL_PCD_IRQHandler
                0x0000000008000aec      0x62c build/stm32f4xx_hal_pcd.o
                0x0000000008000aec                HAL_PCD_IRQHandler
 .text.HAL_PCD_SetAddress
                0x0000000008001118       0x28 build/stm32f4xx_hal_pcd.o
                0x0000000008001118                HAL_PCD_SetAddress
 .text.HAL_PCD_EP_Open
                0x0000000008001140       0x6c build/stm32f4xx_hal_pcd.o
                0x0000000008001140                HAL_PCD_EP_Open
 .text.HAL_PCD_EP_Receive
                0x00000000080011ac       0x50 build/stm32f4xx_hal_pcd.o
                0x00000000080011ac                HAL_PCD_EP_Receive
 .text.HAL_PCD_EP_Transmit
                0x00000000080011fc       0x48 build/stm32f4xx_hal_pcd.o
                0x00000000080011fc                HAL_PCD_EP_Transmit
 .text.HAL_PCD_EP_SetStall
                0x0000000008001244       0x88 build/stm32f4xx_hal_pcd.o
                0x0000000008001244                HAL_PCD_EP_SetStall
 .text.HAL_PCD_EP_ClrStall
                0x00000000080012cc       0x74 build/stm32f4xx_hal_pcd.o
                0x00000000080012cc                HAL_PCD_EP_ClrStall
 .text.HAL_PCDEx_LPM_Callback
                0x0000000008001340        0x4 build/stm32f4xx_hal_pcd_ex.o
                0x0000000008001340                HAL_PCDEx_LPM_Callback
 .text.USB_SetTurnaroundTime
                0x0000000008001344       0xf0 build/stm32f4xx_ll_usb.o
                0x0000000008001344                USB_SetTurnaroundTime
 .text.USB_FlushTxFifo
                0x0000000008001434       0x24 build/stm32f4xx_ll_usb.o
                0x0000000008001434                USB_FlushTxFifo
 .text.USB_GetDevSpeed
                0x0000000008001458       0x18 build/stm32f4xx_ll_usb.o
                0x0000000008001458                USB_GetDevSpeed
 .text.USB_ActivateEndpoint
                0x0000000008001470       0x98 build/stm32f4xx_ll_usb.o
                0x0000000008001470                USB_ActivateEndpoint
 .text.USB_EPStartXfer
                0x0000000008001508      0x22c build/stm32f4xx_ll_usb.o
                0x0000000008001508                USB_EPStartXfer
 .text.USB_EP0StartXfer
                0x0000000008001734      0x104 build/stm32f4xx_ll_usb.o
                0x0000000008001734                USB_EP0StartXfer
 .text.USB_WritePacket
                0x0000000008001838       0x2c build/stm32f4xx_ll_usb.o
                0x0000000008001838                USB_WritePacket
 .text.USB_ReadPacket
                0x0000000008001864       0x24 build/stm32f4xx_ll_usb.o
                0x0000000008001864                USB_ReadPacket
 .text.USB_EPSetStall
                0x0000000008001888       0x5c build/stm32f4xx_ll_usb.o
                0x0000000008001888                USB_EPSetStall
 .text.USB_EPClearStall
                0x00000000080018e4       0x58 build/stm32f4xx_ll_usb.o
                0x00000000080018e4                USB_EPClearStall
 .text.USB_SetDevAddress
                0x000000000800193c       0x20 build/stm32f4xx_ll_usb.o
                0x000000000800193c                USB_SetDevAddress
 .text.USB_ReadInterrupts
                0x000000000800195c        0x8 build/stm32f4xx_ll_usb.o
                0x000000000800195c                USB_ReadInterrupts
 .text.USB_ReadDevAllOutEpInterrupt
                0x0000000008001964       0x10 build/stm32f4xx_ll_usb.o
                0x0000000008001964                USB_ReadDevAllOutEpInterrupt
 .text.USB_ReadDevAllInEpInterrupt
                0x0000000008001974       0x10 build/stm32f4xx_ll_usb.o
                0x0000000008001974                USB_ReadDevAllInEpInterrupt
 .text.USB_ReadDevOutEPInterrupt
                0x0000000008001984       0x14 build/stm32f4xx_ll_usb.o
                0x0000000008001984                USB_ReadDevOutEPInterrupt
 .text.USB_ReadDevInEPInterrupt
                0x0000000008001998       0x28 build/stm32f4xx_ll_usb.o
                0x0000000008001998                USB_ReadDevInEPInterrupt
 .text.USB_GetMode
                0x00000000080019c0        0x8 build/stm32f4xx_ll_usb.o
                0x00000000080019c0                USB_GetMode
 .text.USB_ActivateSetup
                0x00000000080019c8       0x20 build/stm32f4xx_ll_usb.o
                0x00000000080019c8                USB_ActivateSetup
 .text.USB_EP0_OutStart
                0x00000000080019e8       0x58 build/stm32f4xx_ll_usb.o
                0x00000000080019e8                USB_EP0_OutStart
 .text.HAL_RCC_OscConfig
                0x0000000008001a40      0x3cc build/stm32f4xx_hal_rcc.o
                0x0000000008001a40                HAL_RCC_OscConfig
 .text.HAL_RCC_GetSysClockFreq
                0x0000000008001e0c       0x6c build/stm32f4xx_hal_rcc.o
                0x0000000008001e0c                HAL_RCC_GetSysClockFreq
 .text.HAL_RCC_ClockConfig
                0x0000000008001e78      0x13c build/stm32f4xx_hal_rcc.o
                0x0000000008001e78                HAL_RCC_ClockConfig
 .text.HAL_RCC_GetHCLKFreq
                0x0000000008001fb4        0xc build/stm32f4xx_hal_rcc.o
                0x0000000008001fb4                HAL_RCC_GetHCLKFreq
 .text.HAL_RCC_GetPCLK1Freq
                0x0000000008001fc0       0x20 build/stm32f4xx_hal_rcc.o
                0x0000000008001fc0                HAL_RCC_GetPCLK1Freq
 .text.HAL_RCC_GetClockConfig
                0x0000000008001fe0       0x44 build/stm32f4xx_hal_rcc.o
                0x0000000008001fe0                HAL_RCC_GetClockConfig
 .text.HAL_GPIO_Init
                0x0000000008002024      0x224 build/stm32f4xx_hal_gpio.o
                0x0000000008002024                HAL_GPIO_Init
 .text.HAL_GPIO_WritePin
                0x0000000008002248        0x8 build/stm32f4xx_hal_gpio.o
                0x0000000008002248                HAL_GPIO_WritePin
 .text.HAL_GPIO_TogglePin
                0x0000000008002250       0x14 build/stm32f4xx_hal_gpio.o
                0x0000000008002250                HAL_GPIO_TogglePin
 .text.HAL_NVIC_SetPriorityGrouping
                0x0000000008002264       0x28 build/stm32f4xx_hal_cortex.o
                0x0000000008002264                HAL_NVIC_SetPriorityGrouping
 .text.HAL_NVIC_SetPriority
                0x000000000800228c       0x70 build/stm32f4xx_hal_cortex.o
                0x000000000800228c                HAL_NVIC_SetPriority
 .text.HAL_NVIC_EnableIRQ
                0x00000000080022fc       0x1c build/stm32f4xx_hal_cortex.o
                0x00000000080022fc                HAL_NVIC_EnableIRQ
 .text.HAL_Init
                0x0000000008002318       0x34 build/stm32f4xx_hal.o
                0x0000000008002318                HAL_Init
 .text.HAL_IncTick
                0x000000000800234c       0x18 build/stm32f4xx_hal.o
                0x000000000800234c                HAL_IncTick
 .text.HAL_GetTick
                0x0000000008002364        0xc build/stm32f4xx_hal.o
                0x0000000008002364                HAL_GetTick
 .text.HAL_Delay
                0x0000000008002370       0x24 build/stm32f4xx_hal.o
                0x0000000008002370                HAL_Delay
 .text.HAL_I2C_Init
                0x0000000008002394      0x188 build/stm32f4xx_hal_i2c.o
                0x0000000008002394                HAL_I2C_Init
 .text.HAL_SPI_Init
                0x000000000800251c       0xc0 build/stm32f4xx_hal_spi.o
                0x000000000800251c                HAL_SPI_Init
 .text.HAL_TIM_Base_MspInit
                0x00000000080025dc        0x4 build/stm32f4xx_hal_tim.o
                0x00000000080025dc                HAL_TIM_Base_MspInit
 .text.HAL_TIM_Base_Start_IT
                0x00000000080025e0       0x78 build/stm32f4xx_hal_tim.o
                0x00000000080025e0                HAL_TIM_Base_Start_IT
 .text.HAL_TIM_OC_DelayElapsedCallback
                0x0000000008002658        0x4 build/stm32f4xx_hal_tim.o
                0x0000000008002658                HAL_TIM_OC_DelayElapsedCallback
 .text.HAL_TIM_IC_CaptureCallback
                0x000000000800265c        0x4 build/stm32f4xx_hal_tim.o
                0x000000000800265c                HAL_TIM_IC_CaptureCallback
 .text.HAL_TIM_PWM_PulseFinishedCallback
                0x0000000008002660        0x4 build/stm32f4xx_hal_tim.o
                0x0000000008002660                HAL_TIM_PWM_PulseFinishedCallback
 .text.HAL_TIM_TriggerCallback
                0x0000000008002664        0x4 build/stm32f4xx_hal_tim.o
                0x0000000008002664                HAL_TIM_TriggerCallback
 .text.HAL_TIM_IRQHandler
                0x0000000008002668      0x154 build/stm32f4xx_hal_tim.o
                0x0000000008002668                HAL_TIM_IRQHandler
 .text.TIM_Base_SetConfig
                0x00000000080027bc       0xc4 build/stm32f4xx_hal_tim.o
                0x00000000080027bc                TIM_Base_SetConfig
 .text.HAL_TIM_Base_Init
                0x0000000008002880       0x5c build/stm32f4xx_hal_tim.o
                0x0000000008002880                HAL_TIM_Base_Init
 .text.HAL_TIMEx_CommutCallback
                0x00000000080028dc        0x4 build/stm32f4xx_hal_tim_ex.o
                0x00000000080028dc                HAL_TIMEx_CommutCallback
 .text.HAL_TIMEx_BreakCallback
                0x00000000080028e0        0x4 build/stm32f4xx_hal_tim_ex.o
                0x00000000080028e0                HAL_TIMEx_BreakCallback
 .text.SystemInit
                0x00000000080028e4       0x14 build/system_stm32f4xx.o
                0x00000000080028e4                SystemInit
 .text.vListInsertEnd
                0x00000000080028f8       0x20 build/list.o
                0x00000000080028f8                vListInsertEnd
 .text.uxListRemove
                0x0000000008002918       0x28 build/list.o
                0x0000000008002918                uxListRemove
 .text.prvResetNextTaskUnblockTime.part.0
                0x0000000008002940       0x18 build/tasks.o
 .text.xTaskIncrementTick.part.0
                0x0000000008002958      0x140 build/tasks.o
 .text.xTaskIncrementTick
                0x0000000008002a98       0x20 build/tasks.o
                0x0000000008002a98                xTaskIncrementTick
 .text.vTaskSwitchContext
                0x0000000008002ab8       0x78 build/tasks.o
                0x0000000008002ab8                vTaskSwitchContext
 .text.SVC_Handler
                0x0000000008002b30       0x24 build/port.o
                0x0000000008002b30                SVC_Handler
 *fill*         0x0000000008002b54        0xc 
 .text.PendSV_Handler
                0x0000000008002b60       0x64 build/port.o
                0x0000000008002b60                PendSV_Handler
 .text.SysTick_Handler
                0x0000000008002bc4       0x2c build/port.o
                0x0000000008002bc4                SysTick_Handler
 .text.USBD_SetClassConfig
                0x0000000008002bf0       0x10 build/usbd_core.o
                0x0000000008002bf0                USBD_SetClassConfig
 .text.USBD_ClrClassConfig
                0x0000000008002c00       0x10 build/usbd_core.o
                0x0000000008002c00                USBD_ClrClassConfig
 .text.USBD_LL_SetupStage
                0x0000000008002c10       0x60 build/usbd_core.o
                0x0000000008002c10                USBD_LL_SetupStage
 .text.USBD_LL_DataOutStage
                0x0000000008002c70       0x68 build/usbd_core.o
                0x0000000008002c70                USBD_LL_DataOutStage
 .text.USBD_LL_DataInStage
                0x0000000008002cd8       0xac build/usbd_core.o
                0x0000000008002cd8                USBD_LL_DataInStage
 .text.USBD_LL_Reset
                0x0000000008002d84       0x58 build/usbd_core.o
                0x0000000008002d84                USBD_LL_Reset
 .text.USBD_LL_SetSpeed
                0x0000000008002ddc        0x8 build/usbd_core.o
                0x0000000008002ddc                USBD_LL_SetSpeed
 .text.USBD_LL_Suspend
                0x0000000008002de4       0x18 build/usbd_core.o
                0x0000000008002de4                USBD_LL_Suspend
 .text.USBD_LL_Resume
                0x0000000008002dfc       0x18 build/usbd_core.o
                0x0000000008002dfc                USBD_LL_Resume
 .text.USBD_LL_SOF
                0x0000000008002e14       0x28 build/usbd_core.o
                0x0000000008002e14                USBD_LL_SOF
 .text.USBD_LL_IsoINIncomplete
                0x0000000008002e3c       0x28 build/usbd_core.o
                0x0000000008002e3c                USBD_LL_IsoINIncomplete
 .text.USBD_LL_IsoOUTIncomplete
                0x0000000008002e64       0x28 build/usbd_core.o
                0x0000000008002e64                USBD_LL_IsoOUTIncomplete
 .text.USBD_LL_DevConnected
                0x0000000008002e8c        0x4 build/usbd_core.o
                0x0000000008002e8c                USBD_LL_DevConnected
 .text.USBD_LL_DevDisconnected
                0x0000000008002e90       0x1c build/usbd_core.o
                0x0000000008002e90                USBD_LL_DevDisconnected
 .text.USBD_StdDevReq
                0x0000000008002eac      0x340 build/usbd_ctlreq.o
                0x0000000008002eac                USBD_StdDevReq
 .text.USBD_StdItfReq
                0x00000000080031ec       0x60 build/usbd_ctlreq.o
                0x00000000080031ec                USBD_StdItfReq
 .text.USBD_StdEPReq
                0x000000000800324c      0x134 build/usbd_ctlreq.o
                0x000000000800324c                USBD_StdEPReq
 .text.USBD_ParseSetupRequest
                0x0000000008003380       0x28 build/usbd_ctlreq.o
                0x0000000008003380                USBD_ParseSetupRequest
 .text.USBD_CtlSendData
                0x00000000080033a8       0x1c build/usbd_ioreq.o
                0x00000000080033a8                USBD_CtlSendData
 .text.USBD_CtlContinueSendData
                0x00000000080033c4       0x10 build/usbd_ioreq.o
                0x00000000080033c4                USBD_CtlContinueSendData
 .text.USBD_CtlContinueRx
                0x00000000080033d4       0x10 build/usbd_ioreq.o
                0x00000000080033d4                USBD_CtlContinueRx
 .text.USBD_CtlSendStatus
                0x00000000080033e4       0x18 build/usbd_ioreq.o
                0x00000000080033e4                USBD_CtlSendStatus
 .text.USBD_CtlReceiveStatus
                0x00000000080033fc       0x18 build/usbd_ioreq.o
                0x00000000080033fc                USBD_CtlReceiveStatus
 .text.Reset_Handler
                0x0000000008003414       0x50 build/startup_stm32f405xx.o
                0x0000000008003414                Reset_Handler
 .text.Default_Handler
                0x0000000008003464        0x2 build/startup_stm32f405xx.o
                0x0000000008003464                RTC_Alarm_IRQHandler
                0x0000000008003464                HASH_RNG_IRQHandler
                0x0000000008003464                EXTI2_IRQHandler
                0x0000000008003464                TIM8_CC_IRQHandler
                0x0000000008003464                TIM1_CC_IRQHandler
                0x0000000008003464                DMA2_Stream5_IRQHandler
                0x0000000008003464                DMA1_Stream5_IRQHandler
                0x0000000008003464                PVD_IRQHandler
                0x0000000008003464                SDIO_IRQHandler
                0x0000000008003464                TAMP_STAMP_IRQHandler
                0x0000000008003464                CAN2_RX1_IRQHandler
                0x0000000008003464                EXTI3_IRQHandler
                0x0000000008003464                TIM8_TRG_COM_TIM14_IRQHandler
                0x0000000008003464                TIM1_UP_TIM10_IRQHandler
                0x0000000008003464                TIM8_UP_TIM13_IRQHandler
                0x0000000008003464                I2C3_ER_IRQHandler
                0x0000000008003464                EXTI0_IRQHandler
                0x0000000008003464                I2C2_EV_IRQHandler
                0x0000000008003464                DMA1_Stream2_IRQHandler
                0x0000000008003464                CAN1_RX0_IRQHandler
                0x0000000008003464                FPU_IRQHandler
                0x0000000008003464                OTG_HS_WKUP_IRQHandler
                0x0000000008003464                CAN2_SCE_IRQHandler
                0x0000000008003464                DMA2_Stream2_IRQHandler
                0x0000000008003464                SPI1_IRQHandler
                0x0000000008003464                TIM6_DAC_IRQHandler
                0x0000000008003464                TIM1_BRK_TIM9_IRQHandler
                0x0000000008003464                CAN2_RX0_IRQHandler
                0x0000000008003464                DMA2_Stream3_IRQHandler
                0x0000000008003464                USART6_IRQHandler
                0x0000000008003464                USART3_IRQHandler
                0x0000000008003464                CAN1_RX1_IRQHandler
                0x0000000008003464                UART5_IRQHandler
                0x0000000008003464                DMA2_Stream0_IRQHandler
                0x0000000008003464                TIM4_IRQHandler
                0x0000000008003464                I2C1_EV_IRQHandler
                0x0000000008003464                DMA1_Stream6_IRQHandler
                0x0000000008003464                DMA1_Stream1_IRQHandler
                0x0000000008003464                UART4_IRQHandler
                0x0000000008003464                TIM3_IRQHandler
                0x0000000008003464                RCC_IRQHandler
                0x0000000008003464                TIM8_BRK_TIM12_IRQHandler
                0x0000000008003464                Default_Handler
                0x0000000008003464                EXTI15_10_IRQHandler
                0x0000000008003464                ADC_IRQHandler
                0x0000000008003464                DMA1_Stream7_IRQHandler
                0x0000000008003464                TIM7_IRQHandler
                0x0000000008003464                CAN2_TX_IRQHandler
                0x0000000008003464                TIM5_IRQHandler
                0x0000000008003464                DMA2_Stream7_IRQHandler
                0x0000000008003464                I2C3_EV_IRQHandler
                0x0000000008003464                EXTI9_5_IRQHandler
                0x0000000008003464                RTC_WKUP_IRQHandler
                0x0000000008003464                SPI2_IRQHandler
                0x0000000008003464                OTG_HS_EP1_IN_IRQHandler
                0x0000000008003464                DMA1_Stream0_IRQHandler
                0x0000000008003464                CAN1_TX_IRQHandler
                0x0000000008003464                EXTI4_IRQHandler
                0x0000000008003464                FSMC_IRQHandler
                0x0000000008003464                OTG_HS_EP1_OUT_IRQHandler
                0x0000000008003464                WWDG_IRQHandler
                0x0000000008003464                OTG_FS_WKUP_IRQHandler
                0x0000000008003464                TIM1_TRG_COM_TIM11_IRQHandler
                0x0000000008003464                OTG_HS_IRQHandler
                0x0000000008003464                EXTI1_IRQHandler
                0x0000000008003464                USART2_IRQHandler
                0x0000000008003464                I2C2_ER_IRQHandler
                0x0000000008003464                DMA2_Stream1_IRQHandler
                0x0000000008003464                CAN1_SCE_IRQHandler
                0x0000000008003464                FLASH_IRQHandler
                0x0000000008003464                DMA2_Stream4_IRQHandler
                0x0000000008003464                USART1_IRQHandler
                0x0000000008003464                SPI3_IRQHandler
                0x0000000008003464                DMA1_Stream4_IRQHandler
                0x0000000008003464                I2C1_ER_IRQHandler
                0x0000000008003464                DMA2_Stream6_IRQHandler
                0x0000000008003464                DMA1_Stream3_IRQHandler
 *fill*         0x0000000008003466        0x2 
 .text.__libc_init_array
                0x0000000008003468       0x48 /opt/gcc-arm-none-eabi-9-2020-q2-update/bin/../lib/gcc/arm-none-eabi/9.3.1/../../../../arm-none-eabi/lib/thumb/v7e-m+fp/hard/libc_nano.a(lib_a-init.o)
                0x0000000008003468                __libc_init_array
 *(.glue_7)
 .glue_7        0x00000000080034b0        0x0 linker stubs
 *(.glue_7t)
 .glue_7t       0x00000000080034b0        0x0 linker stubs
 *(.eh_frame)
 .eh_frame      0x00000000080034b0        0x0 /opt/gcc-arm-none-eabi-9-2020-q2-update/bin/../lib/gcc/arm-none-eabi/9.3.1/thumb/v7e-m+fp/hard/crtbegin.o
 *(.init)
 .init          0x00000000080034b0        0x4 /opt/gcc-arm-none-eabi-9-2020-q2-update/bin/../lib/gcc/arm-none-eabi/9.3.1/thumb/v7e-m+fp/hard/crti.o
                0x00000000080034b0                _init
 .init          0x00000000080034b4        0x8 /opt/gcc-arm-none-eabi-9-2020-q2-update/bin/../lib/gcc/arm-none-eabi/9.3.1/thumb/v7e-m+fp/hard/crtn.o
 *(.fini)
 .fini          0x00000000080034bc        0x4 /opt/gcc-arm-none-eabi-9-2020-q2-update/bin/../lib/gcc/arm-none-eabi/9.3.1/thumb/v7e-m+fp/hard/crti.o
                0x00000000080034bc                _fini
 .fini          0x00000000080034c0        0x8 /opt/gcc-arm-none-eabi-9-2020-q2-update/bin/../lib/gcc/arm-none-eabi/9.3.1/thumb/v7e-m+fp/hard/crtn.o
                0x00000000080034c8                . = ALIGN (0x4)
                0x00000000080034c8                _etext = .

.vfp11_veneer   0x00000000080034c8        0x0
 .vfp11_veneer  0x00000000080034c8        0x0 linker stubs

.v4_bx          0x00000000080034c8        0x0
 .v4_bx         0x00000000080034c8        0x0 linker stubs

.iplt           0x00000000080034c8        0x0
 .iplt          0x00000000080034c8        0x0 /opt/gcc-arm-none-eabi-9-2020-q2-update/bin/../lib/gcc/arm-none-eabi/9.3.1/thumb/v7e-m+fp/hard/crtbegin.o

.rodata         0x00000000080034c8       0x1c
                0x00000000080034c8                . = ALIGN (0x4)
 *(.rodata)
 *(.rodata*)
 .rodata.CSWTCH.23
                0x00000000080034c8        0x4 build/usbd_conf.o
 .rodata.AHBPrescTable
                0x00000000080034cc       0x10 build/system_stm32f4xx.o
                0x00000000080034cc                AHBPrescTable
 .rodata.APBPrescTable
                0x00000000080034dc        0x8 build/system_stm32f4xx.o
                0x00000000080034dc                APBPrescTable
                0x00000000080034e4                . = ALIGN (0x4)

.ARM.extab
 *(.ARM.extab* .gnu.linkonce.armextab.*)

.ARM            0x00000000080034e4        0x8
                0x00000000080034e4                __exidx_start = .
 *(.ARM.exidx*)
 .ARM.exidx     0x00000000080034e4        0x8 /opt/gcc-arm-none-eabi-9-2020-q2-update/bin/../lib/gcc/arm-none-eabi/9.3.1/thumb/v7e-m+fp/hard/libgcc.a(_udivmoddi4.o)
                0x00000000080034ec                __exidx_end = .

.rel.dyn        0x00000000080034ec        0x0
 .rel.iplt      0x00000000080034ec        0x0 /opt/gcc-arm-none-eabi-9-2020-q2-update/bin/../lib/gcc/arm-none-eabi/9.3.1/thumb/v7e-m+fp/hard/crtbegin.o

.preinit_array  0x00000000080034ec        0x0
                0x00000000080034ec                PROVIDE (__preinit_array_start = .)
 *(.preinit_array*)
                0x00000000080034ec                PROVIDE (__preinit_array_end = .)

.init_array     0x00000000080034ec        0x4
                0x00000000080034ec                PROVIDE (__init_array_start = .)
 *(SORT_BY_NAME(.init_array.*))
 *(.init_array*)
 .init_array    0x00000000080034ec        0x4 /opt/gcc-arm-none-eabi-9-2020-q2-update/bin/../lib/gcc/arm-none-eabi/9.3.1/thumb/v7e-m+fp/hard/crtbegin.o
                0x00000000080034f0                PROVIDE (__init_array_end = .)

.fini_array     0x00000000080034f0        0x4
                [!provide]                        PROVIDE (__fini_array_start = .)
 *(SORT_BY_NAME(.fini_array.*))
 *(.fini_array*)
 .fini_array    0x00000000080034f0        0x4 /opt/gcc-arm-none-eabi-9-2020-q2-update/bin/../lib/gcc/arm-none-eabi/9.3.1/thumb/v7e-m+fp/hard/crtbegin.o
                [!provide]                        PROVIDE (__fini_array_end = .)
                0x00000000080034f4                _sidata = LOADADDR (.data)

.data           0x0000000020000000        0xc load address 0x00000000080034f4
                0x0000000020000000                . = ALIGN (0x4)
                0x0000000020000000                _sdata = .
 *(.data)
 *(.data*)
 .data.uwTickFreq
                0x0000000020000000        0x1 build/stm32f4xx_hal.o
                0x0000000020000000                uwTickFreq
 *fill*         0x0000000020000001        0x3 
 .data.uwTickPrio
                0x0000000020000004        0x4 build/stm32f4xx_hal.o
                0x0000000020000004                uwTickPrio
 .data.SystemCoreClock
                0x0000000020000008        0x4 build/system_stm32f4xx.o
                0x0000000020000008                SystemCoreClock
                0x000000002000000c                . = ALIGN (0x4)
                0x000000002000000c                _edata = .
                0x0000000008003500                _siccmram = LOADADDR (.ccmram)

.igot.plt       0x000000002000000c        0x0 load address 0x0000000008003500
 .igot.plt      0x000000002000000c        0x0 /opt/gcc-arm-none-eabi-9-2020-q2-update/bin/../lib/gcc/arm-none-eabi/9.3.1/thumb/v7e-m+fp/hard/crtbegin.o

.ccmram         0x0000000010000000        0x0 load address 0x0000000008003500
                0x0000000010000000                . = ALIGN (0x4)
                0x0000000010000000                _sccmram = .
 *(.ccmram)
 *(.ccmram*)
                0x0000000010000000                . = ALIGN (0x4)
                0x0000000010000000                _eccmram = .
                0x0000000010000000                . = ALIGN (0x4)

.bss            0x000000002000000c      0x5d4
                0x000000002000000c                _sbss = .
                0x000000002000000c                __bss_start__ = _sbss
 *(.bss)
 .bss           0x000000002000000c       0x1c /opt/gcc-arm-none-eabi-9-2020-q2-update/bin/../lib/gcc/arm-none-eabi/9.3.1/thumb/v7e-m+fp/hard/crtbegin.o
 *(.bss*)
 .bss.pxCurrentTCB
                0x0000000020000028        0x4 build/tasks.o
                0x0000000020000028                pxCurrentTCB
 .bss.pxDelayedTaskList
                0x000000002000002c        0x4 build/tasks.o
 .bss.pxOverflowDelayedTaskList
                0x0000000020000030        0x4 build/tasks.o
 .bss.pxReadyTasksLists
                0x0000000020000034       0x8c build/tasks.o
 .bss.uxSchedulerSuspended
                0x00000000200000c0        0x4 build/tasks.o
 .bss.uxTopReadyPriority
                0x00000000200000c4        0x4 build/tasks.o
 .bss.xNextTaskUnblockTime
                0x00000000200000c8        0x4 build/tasks.o
 .bss.xNumOfOverflows
                0x00000000200000cc        0x4 build/tasks.o
 .bss.xPendedTicks
                0x00000000200000d0        0x4 build/tasks.o
 .bss.xTickCount
                0x00000000200000d4        0x4 build/tasks.o
 .bss.xYieldPending
                0x00000000200000d8        0x4 build/tasks.o
 .bss.cfgidx.10715
                0x00000000200000dc        0x1 build/usbd_ctlreq.o
 *(COMMON)
 *fill*         0x00000000200000dd        0x3 
 COMMON         0x00000000200000e0       0x54 build/i2c.o
                0x00000000200000e0                hi2c2
 COMMON         0x0000000020000134       0x58 build/spi.o
                0x0000000020000134                hspi1
 COMMON         0x000000002000018c      0x408 build/usbd_conf.o
                0x000000002000018c                hpcd_USB_OTG_FS
 COMMON         0x0000000020000594       0x48 build/stm32f4xx_hal_timebase_tim.o
                0x0000000020000594                htim2
 COMMON         0x00000000200005dc        0x4 build/stm32f4xx_hal.o
                0x00000000200005dc                uwTick
                0x00000000200005e0                . = ALIGN (0x4)
                0x00000000200005e0                _ebss = .
                0x00000000200005e0                __bss_end__ = _ebss

._user_heap_stack
                0x00000000200005e0      0x600
                0x00000000200005e0                . = ALIGN (0x8)
                [!provide]                        PROVIDE (end = .)
                [!provide]                        PROVIDE (_end = .)
                0x00000000200007e0                . = (. + _Min_Heap_Size)
 *fill*         0x00000000200005e0      0x200 
                0x0000000020000be0                . = (. + _Min_Stack_Size)
 *fill*         0x00000000200007e0      0x400 
                0x0000000020000be0                . = ALIGN (0x8)

/DISCARD/
 libc.a(*)
 libm.a(*)
 libgcc.a(*)

.ARM.attributes
                0x0000000000000000       0x30
 *(.ARM.attributes)
 .ARM.attributes
                0x0000000000000000       0x1e /opt/gcc-arm-none-eabi-9-2020-q2-update/bin/../lib/gcc/arm-none-eabi/9.3.1/thumb/v7e-m+fp/hard/crti.o
 .ARM.attributes
                0x000000000000001e       0x34 /opt/gcc-arm-none-eabi-9-2020-q2-update/bin/../lib/gcc/arm-none-eabi/9.3.1/thumb/v7e-m+fp/hard/crtbegin.o
 .ARM.attributes
                0x0000000000000052       0x34 build/main.o
 .ARM.attributes
                0x0000000000000086       0x34 build/gpio.o
 .ARM.attributes
                0x00000000000000ba       0x34 build/i2c.o
 .ARM.attributes
                0x00000000000000ee       0x34 build/spi.o
 .ARM.attributes
                0x0000000000000122       0x34 build/usbd_conf.o
 .ARM.attributes
                0x0000000000000156       0x34 build/stm32f4xx_it.o
 .ARM.attributes
                0x000000000000018a       0x34 build/stm32f4xx_hal_msp.o
 .ARM.attributes
                0x00000000000001be       0x34 build/stm32f4xx_hal_timebase_tim.o
 .ARM.attributes
                0x00000000000001f2       0x34 build/stm32f4xx_hal_pcd.o
 .ARM.attributes
                0x0000000000000226       0x34 build/stm32f4xx_hal_pcd_ex.o
 .ARM.attributes
                0x000000000000025a       0x34 build/stm32f4xx_ll_usb.o
 .ARM.attributes
                0x000000000000028e       0x34 build/stm32f4xx_hal_rcc.o
 .ARM.attributes
                0x00000000000002c2       0x34 build/stm32f4xx_hal_gpio.o
 .ARM.attributes
                0x00000000000002f6       0x34 build/stm32f4xx_hal_cortex.o
 .ARM.attributes
                0x000000000000032a       0x34 build/stm32f4xx_hal.o
 .ARM.attributes
                0x000000000000035e       0x34 build/stm32f4xx_hal_i2c.o
 .ARM.attributes
                0x0000000000000392       0x34 build/stm32f4xx_hal_spi.o
 .ARM.attributes
                0x00000000000003c6       0x34 build/stm32f4xx_hal_tim.o
 .ARM.attributes
                0x00000000000003fa       0x34 build/stm32f4xx_hal_tim_ex.o
 .ARM.attributes
                0x000000000000042e       0x34 build/system_stm32f4xx.o
 .ARM.attributes
                0x0000000000000462       0x34 build/list.o
 .ARM.attributes
                0x0000000000000496       0x34 build/tasks.o
 .ARM.attributes
                0x00000000000004ca       0x34 build/port.o
 .ARM.attributes
                0x00000000000004fe       0x34 build/usbd_core.o
 .ARM.attributes
                0x0000000000000532       0x34 build/usbd_ctlreq.o
 .ARM.attributes
                0x0000000000000566       0x34 build/usbd_ioreq.o
 .ARM.attributes
                0x000000000000059a       0x21 build/startup_stm32f405xx.o
 .ARM.attributes
                0x00000000000005bb       0x34 /opt/gcc-arm-none-eabi-9-2020-q2-update/bin/../lib/gcc/arm-none-eabi/9.3.1/../../../../arm-none-eabi/lib/thumb/v7e-m+fp/hard/libc_nano.a(lib_a-init.o)
 .ARM.attributes
                0x00000000000005ef       0x1e /opt/gcc-arm-none-eabi-9-2020-q2-update/bin/../lib/gcc/arm-none-eabi/9.3.1/thumb/v7e-m+fp/hard/libgcc.a(_aeabi_uldivmod.o)
 .ARM.attributes
                0x000000000000060d       0x34 /opt/gcc-arm-none-eabi-9-2020-q2-update/bin/../lib/gcc/arm-none-eabi/9.3.1/thumb/v7e-m+fp/hard/libgcc.a(_udivmoddi4.o)
 .ARM.attributes
                0x0000000000000641       0x1e /opt/gcc-arm-none-eabi-9-2020-q2-update/bin/../lib/gcc/arm-none-eabi/9.3.1/thumb/v7e-m+fp/hard/libgcc.a(_dvmd_tls.o)
 .ARM.attributes
                0x000000000000065f       0x1e /opt/gcc-arm-none-eabi-9-2020-q2-update/bin/../lib/gcc/arm-none-eabi/9.3.1/thumb/v7e-m+fp/hard/crtn.o
OUTPUT(build/config_stm32f4.elf elf32-littlearm)
LOAD linker stubs
LOAD /opt/gcc-arm-none-eabi-9-2020-q2-update/bin/../lib/gcc/arm-none-eabi/9.3.1/../../../../arm-none-eabi/lib/thumb/v7e-m+fp/hard/libc.a
LOAD /opt/gcc-arm-none-eabi-9-2020-q2-update/bin/../lib/gcc/arm-none-eabi/9.3.1/../../../../arm-none-eabi/lib/thumb/v7e-m+fp/hard/libm.a
LOAD /opt/gcc-arm-none-eabi-9-2020-q2-update/bin/../lib/gcc/arm-none-eabi/9.3.1/thumb/v7e-m+fp/hard/libgcc.a

.debug_info     0x0000000000000000    0x26db7
 .debug_info    0x0000000000000000     0x1e33 build/main.o
 .debug_info    0x0000000000001e33      0x6b4 build/gpio.o
 .debug_info    0x00000000000024e7      0xc36 build/i2c.o
 .debug_info    0x000000000000311d      0xc49 build/spi.o
 .debug_info    0x0000000000003d66     0x2d76 build/usbd_conf.o
 .debug_info    0x0000000000006adc      0xdc4 build/stm32f4xx_it.o
 .debug_info    0x00000000000078a0      0x626 build/stm32f4xx_hal_msp.o
 .debug_info    0x0000000000007ec6      0xe2d build/stm32f4xx_hal_timebase_tim.o
 .debug_info    0x0000000000008cf3     0x1c04 build/stm32f4xx_hal_pcd.o
 .debug_info    0x000000000000a8f7      0x86c build/stm32f4xx_hal_pcd_ex.o
 .debug_info    0x000000000000b163     0x25c9 build/stm32f4xx_ll_usb.o
 .debug_info    0x000000000000d72c      0xcad build/stm32f4xx_hal_rcc.o
 .debug_info    0x000000000000e3d9      0x92c build/stm32f4xx_hal_gpio.o
 .debug_info    0x000000000000ed05     0x1227 build/stm32f4xx_hal_cortex.o
 .debug_info    0x000000000000ff2c      0xb7e build/stm32f4xx_hal.o
 .debug_info    0x0000000000010aaa     0x3e48 build/stm32f4xx_hal_i2c.o
 .debug_info    0x00000000000148f2     0x21fc build/stm32f4xx_hal_spi.o
 .debug_info    0x0000000000016aee     0x4988 build/stm32f4xx_hal_tim.o
 .debug_info    0x000000000001b476     0x1d51 build/stm32f4xx_hal_tim_ex.o
 .debug_info    0x000000000001d1c7      0x63c build/system_stm32f4xx.o
 .debug_info    0x000000000001d803      0xca6 build/list.o
 .debug_info    0x000000000001e4a9     0x3845 build/tasks.o
 .debug_info    0x0000000000021cee      0x5f7 build/port.o
 .debug_info    0x00000000000222e5     0x1961 build/usbd_core.o
 .debug_info    0x0000000000023c46     0x1dd3 build/usbd_ctlreq.o
 .debug_info    0x0000000000025a19     0x137c build/usbd_ioreq.o
 .debug_info    0x0000000000026d95       0x22 build/startup_stm32f405xx.o

.debug_abbrev   0x0000000000000000     0x4e25
 .debug_abbrev  0x0000000000000000      0x327 build/main.o
 .debug_abbrev  0x0000000000000327      0x187 build/gpio.o
 .debug_abbrev  0x00000000000004ae      0x20b build/i2c.o
 .debug_abbrev  0x00000000000006b9      0x20b build/spi.o
 .debug_abbrev  0x00000000000008c4      0x40e build/usbd_conf.o
 .debug_abbrev  0x0000000000000cd2      0x1c8 build/stm32f4xx_it.o
 .debug_abbrev  0x0000000000000e9a      0x155 build/stm32f4xx_hal_msp.o
 .debug_abbrev  0x0000000000000fef      0x21a build/stm32f4xx_hal_timebase_tim.o
 .debug_abbrev  0x0000000000001209      0x3a9 build/stm32f4xx_hal_pcd.o
 .debug_abbrev  0x00000000000015b2      0x215 build/stm32f4xx_hal_pcd_ex.o
 .debug_abbrev  0x00000000000017c7      0x432 build/stm32f4xx_ll_usb.o
 .debug_abbrev  0x0000000000001bf9      0x352 build/stm32f4xx_hal_rcc.o
 .debug_abbrev  0x0000000000001f4b      0x26a build/stm32f4xx_hal_gpio.o
 .debug_abbrev  0x00000000000021b5      0x39e build/stm32f4xx_hal_cortex.o
 .debug_abbrev  0x0000000000002553      0x27e build/stm32f4xx_hal.o
 .debug_abbrev  0x00000000000027d1      0x46e build/stm32f4xx_hal_i2c.o
 .debug_abbrev  0x0000000000002c3f      0x3c6 build/stm32f4xx_hal_spi.o
 .debug_abbrev  0x0000000000003005      0x3f1 build/stm32f4xx_hal_tim.o
 .debug_abbrev  0x00000000000033f6      0x38a build/stm32f4xx_hal_tim_ex.o
 .debug_abbrev  0x0000000000003780      0x14a build/system_stm32f4xx.o
 .debug_abbrev  0x00000000000038ca      0x245 build/list.o
 .debug_abbrev  0x0000000000003b0f      0x566 build/tasks.o
 .debug_abbrev  0x0000000000004075      0x2c2 build/port.o
 .debug_abbrev  0x0000000000004337      0x3ec build/usbd_core.o
 .debug_abbrev  0x0000000000004723      0x48a build/usbd_ctlreq.o
 .debug_abbrev  0x0000000000004bad      0x266 build/usbd_ioreq.o
 .debug_abbrev  0x0000000000004e13       0x12 build/startup_stm32f405xx.o

.debug_loc      0x0000000000000000    0x1c503
 .debug_loc     0x0000000000000000       0x7e build/main.o
 .debug_loc     0x000000000000007e       0x39 build/gpio.o
 .debug_loc     0x00000000000000b7       0xf2 build/i2c.o
 .debug_loc     0x00000000000001a9       0xf2 build/spi.o
 .debug_loc     0x000000000000029b     0x100d build/usbd_conf.o
 .debug_loc     0x00000000000012a8       0x2c build/stm32f4xx_hal_msp.o
 .debug_loc     0x00000000000012d4       0xfc build/stm32f4xx_hal_timebase_tim.o
 .debug_loc     0x00000000000013d0     0x1585 build/stm32f4xx_hal_pcd.o
 .debug_loc     0x0000000000002955      0x12f build/stm32f4xx_hal_pcd_ex.o
 .debug_loc     0x0000000000002a84     0x33eb build/stm32f4xx_ll_usb.o
 .debug_loc     0x0000000000005e6f      0x696 build/stm32f4xx_hal_rcc.o
 .debug_loc     0x0000000000006505      0x613 build/stm32f4xx_hal_gpio.o
 .debug_loc     0x0000000000006b18      0x8c7 build/stm32f4xx_hal_cortex.o
 .debug_loc     0x00000000000073df      0x208 build/stm32f4xx_hal.o
 .debug_loc     0x00000000000075e7     0x5353 build/stm32f4xx_hal_i2c.o
 .debug_loc     0x000000000000c93a     0x2758 build/stm32f4xx_hal_spi.o
 .debug_loc     0x000000000000f092     0x656e build/stm32f4xx_hal_tim.o
 .debug_loc     0x0000000000015600     0x1d8f build/stm32f4xx_hal_tim_ex.o
 .debug_loc     0x000000000001738f      0x12f build/system_stm32f4xx.o
 .debug_loc     0x00000000000174be      0x14c build/list.o
 .debug_loc     0x000000000001760a     0x27c3 build/tasks.o
 .debug_loc     0x0000000000019dcd      0x218 build/port.o
 .debug_loc     0x0000000000019fe5      0xd87 build/usbd_core.o
 .debug_loc     0x000000000001ad6c     0x141f build/usbd_ctlreq.o
 .debug_loc     0x000000000001c18b      0x378 build/usbd_ioreq.o

.debug_aranges  0x0000000000000000     0x1258
 .debug_aranges
                0x0000000000000000       0x38 build/main.o
 .debug_aranges
                0x0000000000000038       0x20 build/gpio.o
 .debug_aranges
                0x0000000000000058       0x30 build/i2c.o
 .debug_aranges
                0x0000000000000088       0x30 build/spi.o
 .debug_aranges
                0x00000000000000b8      0x110 build/usbd_conf.o
 .debug_aranges
                0x00000000000001c8       0x58 build/stm32f4xx_it.o
 .debug_aranges
                0x0000000000000220       0x20 build/stm32f4xx_hal_msp.o
 .debug_aranges
                0x0000000000000240       0x30 build/stm32f4xx_hal_timebase_tim.o
 .debug_aranges
                0x0000000000000270       0xc8 build/stm32f4xx_hal_pcd.o
 .debug_aranges
                0x0000000000000338       0x30 build/stm32f4xx_hal_pcd_ex.o
 .debug_aranges
                0x0000000000000368      0x198 build/stm32f4xx_ll_usb.o
 .debug_aranges
                0x0000000000000500       0x88 build/stm32f4xx_hal_rcc.o
 .debug_aranges
                0x0000000000000588       0x58 build/stm32f4xx_hal_gpio.o
 .debug_aranges
                0x00000000000005e0       0xa8 build/stm32f4xx_hal_cortex.o
 .debug_aranges
                0x0000000000000688       0xe8 build/stm32f4xx_hal.o
 .debug_aranges
                0x0000000000000770      0x1b0 build/stm32f4xx_hal_i2c.o
 .debug_aranges
                0x0000000000000920      0x188 build/stm32f4xx_hal_spi.o
 .debug_aranges
                0x0000000000000aa8      0x298 build/stm32f4xx_hal_tim.o
 .debug_aranges
                0x0000000000000d40      0x110 build/stm32f4xx_hal_tim_ex.o
 .debug_aranges
                0x0000000000000e50       0x28 build/system_stm32f4xx.o
 .debug_aranges
                0x0000000000000e78       0x40 build/list.o
 .debug_aranges
                0x0000000000000eb8      0x1b0 build/tasks.o
 .debug_aranges
                0x0000000000001068       0x80 build/port.o
 .debug_aranges
                0x00000000000010e8       0xb0 build/usbd_core.o
 .debug_aranges
                0x0000000000001198       0x48 build/usbd_ctlreq.o
 .debug_aranges
                0x00000000000011e0       0x50 build/usbd_ioreq.o
 .debug_aranges
                0x0000000000001230       0x28 build/startup_stm32f405xx.o

.debug_ranges   0x0000000000000000     0x2380
 .debug_ranges  0x0000000000000000       0x98 build/main.o
 .debug_ranges  0x0000000000000098       0x48 build/gpio.o
 .debug_ranges  0x00000000000000e0       0x40 build/i2c.o
 .debug_ranges  0x0000000000000120       0x58 build/spi.o
 .debug_ranges  0x0000000000000178      0x250 build/usbd_conf.o
 .debug_ranges  0x00000000000003c8       0x48 build/stm32f4xx_it.o
 .debug_ranges  0x0000000000000410       0x28 build/stm32f4xx_hal_msp.o
 .debug_ranges  0x0000000000000438       0x48 build/stm32f4xx_hal_timebase_tim.o
 .debug_ranges  0x0000000000000480      0x130 build/stm32f4xx_hal_pcd.o
 .debug_ranges  0x00000000000005b0       0x20 build/stm32f4xx_hal_pcd_ex.o
 .debug_ranges  0x00000000000005d0      0x258 build/stm32f4xx_ll_usb.o
 .debug_ranges  0x0000000000000828      0x138 build/stm32f4xx_hal_rcc.o
 .debug_ranges  0x0000000000000960       0x68 build/stm32f4xx_hal_gpio.o
 .debug_ranges  0x00000000000009c8      0x1c0 build/stm32f4xx_hal_cortex.o
 .debug_ranges  0x0000000000000b88       0xd8 build/stm32f4xx_hal.o
 .debug_ranges  0x0000000000000c60      0x638 build/stm32f4xx_hal_i2c.o
 .debug_ranges  0x0000000000001298      0x2e0 build/stm32f4xx_hal_spi.o
 .debug_ranges  0x0000000000001578      0x5c8 build/stm32f4xx_hal_tim.o
 .debug_ranges  0x0000000000001b40      0x198 build/stm32f4xx_hal_tim_ex.o
 .debug_ranges  0x0000000000001cd8       0x18 build/system_stm32f4xx.o
 .debug_ranges  0x0000000000001cf0       0x30 build/list.o
 .debug_ranges  0x0000000000001d20      0x3b8 build/tasks.o
 .debug_ranges  0x00000000000020d8       0xb8 build/port.o
 .debug_ranges  0x0000000000002190       0xa0 build/usbd_core.o
 .debug_ranges  0x0000000000002230       0xf0 build/usbd_ctlreq.o
 .debug_ranges  0x0000000000002320       0x40 build/usbd_ioreq.o
 .debug_ranges  0x0000000000002360       0x20 build/startup_stm32f405xx.o

.debug_line     0x0000000000000000    0x1a84d
 .debug_line    0x0000000000000000      0x4d8 build/main.o
 .debug_line    0x00000000000004d8      0x27e build/gpio.o
 .debug_line    0x0000000000000756      0x2fc build/i2c.o
 .debug_line    0x0000000000000a52      0x33f build/spi.o
 .debug_line    0x0000000000000d91      0x9d5 build/usbd_conf.o
 .debug_line    0x0000000000001766      0x2ed build/stm32f4xx_it.o
 .debug_line    0x0000000000001a53      0x1d4 build/stm32f4xx_hal_msp.o
 .debug_line    0x0000000000001c27      0x2d1 build/stm32f4xx_hal_timebase_tim.o
 .debug_line    0x0000000000001ef8     0x1378 build/stm32f4xx_hal_pcd.o
 .debug_line    0x0000000000003270      0x2f0 build/stm32f4xx_hal_pcd_ex.o
 .debug_line    0x0000000000003560     0x1ff0 build/stm32f4xx_ll_usb.o
 .debug_line    0x0000000000005550      0xc1f build/stm32f4xx_hal_rcc.o
 .debug_line    0x000000000000616f      0x79d build/stm32f4xx_hal_gpio.o
 .debug_line    0x000000000000690c      0x821 build/stm32f4xx_hal_cortex.o
 .debug_line    0x000000000000712d      0x584 build/stm32f4xx_hal.o
 .debug_line    0x00000000000076b1     0x5368 build/stm32f4xx_hal_i2c.o
 .debug_line    0x000000000000ca19     0x2684 build/stm32f4xx_hal_spi.o
 .debug_line    0x000000000000f09d     0x4bd4 build/stm32f4xx_hal_tim.o
 .debug_line    0x0000000000013c71     0x19cf build/stm32f4xx_hal_tim_ex.o
 .debug_line    0x0000000000015640      0x23f build/system_stm32f4xx.o
 .debug_line    0x000000000001587f      0x428 build/list.o
 .debug_line    0x0000000000015ca7     0x2a91 build/tasks.o
 .debug_line    0x0000000000018738      0x7f3 build/port.o
 .debug_line    0x0000000000018f2b      0x97e build/usbd_core.o
 .debug_line    0x00000000000198a9      0xb3e build/usbd_ctlreq.o
 .debug_line    0x000000000001a3e7      0x3f0 build/usbd_ioreq.o
 .debug_line    0x000000000001a7d7       0x76 build/startup_stm32f405xx.o

.debug_str      0x0000000000000000     0x6ee8
 .debug_str     0x0000000000000000     0x11d9 build/main.o
                                       0x1316 (size before relaxing)
 .debug_str     0x00000000000011d9       0x77 build/gpio.o
                                        0x41f (size before relaxing)
 .debug_str     0x0000000000001250       0x53 build/i2c.o
                                        0x939 (size before relaxing)
 .debug_str     0x00000000000012a3       0x43 build/spi.o
                                        0x896 (size before relaxing)
 .debug_str     0x00000000000012e6     0x1107 build/usbd_conf.o
                                       0x19c8 (size before relaxing)
 .debug_str     0x00000000000023ed       0xc6 build/stm32f4xx_it.o
                                        0xb86 (size before relaxing)
 .debug_str     0x00000000000024b3       0x24 build/stm32f4xx_hal_msp.o
                                        0x850 (size before relaxing)
 .debug_str     0x00000000000024d7       0xde build/stm32f4xx_hal_timebase_tim.o
                                        0xed2 (size before relaxing)
 .debug_str     0x00000000000025b5      0x58e build/stm32f4xx_hal_pcd.o
                                        0xe01 (size before relaxing)
 .debug_str     0x0000000000002b43      0x125 build/stm32f4xx_hal_pcd_ex.o
                                        0x7a4 (size before relaxing)
 .debug_str     0x0000000000002c68      0x430 build/stm32f4xx_ll_usb.o
                                        0xd04 (size before relaxing)
 .debug_str     0x0000000000003098      0x186 build/stm32f4xx_hal_rcc.o
                                        0x764 (size before relaxing)
 .debug_str     0x000000000000321e       0xf0 build/stm32f4xx_hal_gpio.o
                                        0x586 (size before relaxing)
 .debug_str     0x000000000000330e      0x470 build/stm32f4xx_hal_cortex.o
                                        0xc9f (size before relaxing)
 .debug_str     0x000000000000377e      0x1f3 build/stm32f4xx_hal.o
                                        0xb60 (size before relaxing)
 .debug_str     0x0000000000003971      0x8b3 build/stm32f4xx_hal_i2c.o
                                       0x10c6 (size before relaxing)
 .debug_str     0x0000000000004224      0x523 build/stm32f4xx_hal_spi.o
                                        0xc90 (size before relaxing)
 .debug_str     0x0000000000004747      0xea1 build/stm32f4xx_hal_tim.o
                                       0x176a (size before relaxing)
 .debug_str     0x00000000000055e8      0x591 build/stm32f4xx_hal_tim_ex.o
                                        0xf6b (size before relaxing)
 .debug_str     0x0000000000005b79       0x42 build/system_stm32f4xx.o
                                        0x3ea (size before relaxing)
 .debug_str     0x0000000000005bbb      0x163 build/list.o
                                        0x6d2 (size before relaxing)
 .debug_str     0x0000000000005d1e      0xd3b build/tasks.o
                                       0x13eb (size before relaxing)
 .debug_str     0x0000000000006a59      0x18d build/port.o
                                        0x458 (size before relaxing)
 .debug_str     0x0000000000006be6      0x166 build/usbd_core.o
                                        0xcf9 (size before relaxing)
 .debug_str     0x0000000000006d4c      0x118 build/usbd_ctlreq.o
                                        0xc4b (size before relaxing)
 .debug_str     0x0000000000006e64       0x60 build/usbd_ioreq.o
                                        0xb40 (size before relaxing)
 .debug_str     0x0000000000006ec4       0x24 build/startup_stm32f405xx.o
                                         0x45 (size before relaxing)

.comment        0x0000000000000000       0x4c
 .comment       0x0000000000000000       0x4c build/main.o
                                         0x4d (size before relaxing)
 .comment       0x000000000000004c       0x4d build/gpio.o
 .comment       0x000000000000004c       0x4d build/i2c.o
 .comment       0x000000000000004c       0x4d build/spi.o
 .comment       0x000000000000004c       0x4d build/usbd_conf.o
 .comment       0x000000000000004c       0x4d build/stm32f4xx_it.o
 .comment       0x000000000000004c       0x4d build/stm32f4xx_hal_msp.o
 .comment       0x000000000000004c       0x4d build/stm32f4xx_hal_timebase_tim.o
 .comment       0x000000000000004c       0x4d build/stm32f4xx_hal_pcd.o
 .comment       0x000000000000004c       0x4d build/stm32f4xx_hal_pcd_ex.o
 .comment       0x000000000000004c       0x4d build/stm32f4xx_ll_usb.o
 .comment       0x000000000000004c       0x4d build/stm32f4xx_hal_rcc.o
 .comment       0x000000000000004c       0x4d build/stm32f4xx_hal_gpio.o
 .comment       0x000000000000004c       0x4d build/stm32f4xx_hal_cortex.o
 .comment       0x000000000000004c       0x4d build/stm32f4xx_hal.o
 .comment       0x000000000000004c       0x4d build/stm32f4xx_hal_i2c.o
 .comment       0x000000000000004c       0x4d build/stm32f4xx_hal_spi.o
 .comment       0x000000000000004c       0x4d build/stm32f4xx_hal_tim.o
 .comment       0x000000000000004c       0x4d build/stm32f4xx_hal_tim_ex.o
 .comment       0x000000000000004c       0x4d build/system_stm32f4xx.o
 .comment       0x000000000000004c       0x4d build/list.o
 .comment       0x000000000000004c       0x4d build/tasks.o
 .comment       0x000000000000004c       0x4d build/port.o
 .comment       0x000000000000004c       0x4d build/usbd_core.o
 .comment       0x000000000000004c       0x4d build/usbd_ctlreq.o
 .comment       0x000000000000004c       0x4d build/usbd_ioreq.o

.debug_frame    0x0000000000000000     0x3f90
 .debug_frame   0x0000000000000000       0x6c build/main.o
 .debug_frame   0x000000000000006c       0x38 build/gpio.o
 .debug_frame   0x00000000000000a4       0x70 build/i2c.o
 .debug_frame   0x0000000000000114       0x74 build/spi.o
 .debug_frame   0x0000000000000188      0x2a0 build/usbd_conf.o
 .debug_frame   0x0000000000000428       0x90 build/stm32f4xx_it.o
 .debug_frame   0x00000000000004b8       0x28 build/stm32f4xx_hal_msp.o
 .debug_frame   0x00000000000004e0       0x58 build/stm32f4xx_hal_timebase_tim.o
 .debug_frame   0x0000000000000538      0x2f0 build/stm32f4xx_hal_pcd.o
 .debug_frame   0x0000000000000828       0x64 build/stm32f4xx_hal_pcd_ex.o
 .debug_frame   0x000000000000088c      0x4c0 build/stm32f4xx_ll_usb.o
 .debug_frame   0x0000000000000d4c      0x18c build/stm32f4xx_hal_rcc.o
 .debug_frame   0x0000000000000ed8       0xd8 build/stm32f4xx_hal_gpio.o
 .debug_frame   0x0000000000000fb0      0x184 build/stm32f4xx_hal_cortex.o
 .debug_frame   0x0000000000001134      0x1f4 build/stm32f4xx_hal.o
 .debug_frame   0x0000000000001328      0x988 build/stm32f4xx_hal_i2c.o
 .debug_frame   0x0000000000001cb0      0x644 build/stm32f4xx_hal_spi.o
 .debug_frame   0x00000000000022f4      0xbcc build/stm32f4xx_hal_tim.o
 .debug_frame   0x0000000000002ec0      0x410 build/stm32f4xx_hal_tim_ex.o
 .debug_frame   0x00000000000032d0       0x30 build/system_stm32f4xx.o
 .debug_frame   0x0000000000003300       0x88 build/list.o
 .debug_frame   0x0000000000003388      0x688 build/tasks.o
 .debug_frame   0x0000000000003a10      0x124 build/port.o
 .debug_frame   0x0000000000003b34      0x23c build/usbd_core.o
 .debug_frame   0x0000000000003d70       0xdc build/usbd_ctlreq.o
 .debug_frame   0x0000000000003e4c       0xb8 build/usbd_ioreq.o
 .debug_frame   0x0000000000003f04       0x2c /opt/gcc-arm-none-eabi-9-2020-q2-update/bin/../lib/gcc/arm-none-eabi/9.3.1/../../../../arm-none-eabi/lib/thumb/v7e-m+fp/hard/libc_nano.a(lib_a-init.o)
 .debug_frame   0x0000000000003f30       0x2c /opt/gcc-arm-none-eabi-9-2020-q2-update/bin/../lib/gcc/arm-none-eabi/9.3.1/thumb/v7e-m+fp/hard/libgcc.a(_aeabi_uldivmod.o)
 .debug_frame   0x0000000000003f5c       0x34 /opt/gcc-arm-none-eabi-9-2020-q2-update/bin/../lib/gcc/arm-none-eabi/9.3.1/thumb/v7e-m+fp/hard/libgcc.a(_udivmoddi4.o)

Cross Reference Table

Symbol                                            File
ADC_IRQHandler                                    build/startup_stm32f405xx.o
AHBPrescTable                                     build/system_stm32f4xx.o
                                                  build/stm32f4xx_hal_rcc.o
APBPrescTable                                     build/system_stm32f4xx.o
                                                  build/stm32f4xx_hal_rcc.o
BusFault_Handler                                  build/stm32f4xx_it.o
CAN1_RX0_IRQHandler                               build/startup_stm32f405xx.o
CAN1_RX1_IRQHandler                               build/startup_stm32f405xx.o
CAN1_SCE_IRQHandler                               build/startup_stm32f405xx.o
CAN1_TX_IRQHandler                                build/startup_stm32f405xx.o
CAN2_RX0_IRQHandler                               build/startup_stm32f405xx.o
CAN2_RX1_IRQHandler                               build/startup_stm32f405xx.o
CAN2_SCE_IRQHandler                               build/startup_stm32f405xx.o
CAN2_TX_IRQHandler                                build/startup_stm32f405xx.o
CDC_Transmit_FS                                   build/usbd_cdc_if.o
DMA1_Stream0_IRQHandler                           build/startup_stm32f405xx.o
DMA1_Stream1_IRQHandler                           build/startup_stm32f405xx.o
DMA1_Stream2_IRQHandler                           build/startup_stm32f405xx.o
DMA1_Stream3_IRQHandler                           build/startup_stm32f405xx.o
DMA1_Stream4_IRQHandler                           build/startup_stm32f405xx.o
DMA1_Stream5_IRQHandler                           build/startup_stm32f405xx.o
DMA1_Stream6_IRQHandler                           build/startup_stm32f405xx.o
DMA1_Stream7_IRQHandler                           build/startup_stm32f405xx.o
DMA2_Stream0_IRQHandler                           build/startup_stm32f405xx.o
DMA2_Stream1_IRQHandler                           build/startup_stm32f405xx.o
DMA2_Stream2_IRQHandler                           build/startup_stm32f405xx.o
DMA2_Stream3_IRQHandler                           build/startup_stm32f405xx.o
DMA2_Stream4_IRQHandler                           build/startup_stm32f405xx.o
DMA2_Stream5_IRQHandler                           build/startup_stm32f405xx.o
DMA2_Stream6_IRQHandler                           build/startup_stm32f405xx.o
DMA2_Stream7_IRQHandler                           build/startup_stm32f405xx.o
DebugMon_Handler                                  build/stm32f4xx_it.o
Default_Handler                                   build/startup_stm32f405xx.o
EXTI0_IRQHandler                                  build/startup_stm32f405xx.o
EXTI15_10_IRQHandler                              build/startup_stm32f405xx.o
EXTI1_IRQHandler                                  build/startup_stm32f405xx.o
EXTI2_IRQHandler                                  build/startup_stm32f405xx.o
EXTI3_IRQHandler                                  build/startup_stm32f405xx.o
EXTI4_IRQHandler                                  build/startup_stm32f405xx.o
EXTI9_5_IRQHandler                                build/startup_stm32f405xx.o
Error_Handler                                     build/main.o
                                                  build/usbd_conf.o
                                                  build/usb_device.o
                                                  build/spi.o
                                                  build/i2c.o
FLASH_Erase_Sector                                build/stm32f4xx_hal_flash_ex.o
                                                  build/stm32f4xx_hal_flash.o
FLASH_FlushCaches                                 build/stm32f4xx_hal_flash_ex.o
                                                  build/stm32f4xx_hal_flash.o
FLASH_IRQHandler                                  build/startup_stm32f405xx.o
FLASH_WaitForLastOperation                        build/stm32f4xx_hal_flash.o
                                                  build/stm32f4xx_hal_flash_ex.o
FPU_IRQHandler                                    build/startup_stm32f405xx.o
FSMC_IRQHandler                                   build/startup_stm32f405xx.o
FS_Desc                                           build/usbd_desc.o
                                                  build/usb_device.o
HAL_DBGMCU_DisableDBGSleepMode                    build/stm32f4xx_hal.o
HAL_DBGMCU_DisableDBGStandbyMode                  build/stm32f4xx_hal.o
HAL_DBGMCU_DisableDBGStopMode                     build/stm32f4xx_hal.o
HAL_DBGMCU_EnableDBGSleepMode                     build/stm32f4xx_hal.o
HAL_DBGMCU_EnableDBGStandbyMode                   build/stm32f4xx_hal.o
HAL_DBGMCU_EnableDBGStopMode                      build/stm32f4xx_hal.o
HAL_DMAEx_ChangeMemory                            build/stm32f4xx_hal_dma_ex.o
HAL_DMAEx_MultiBufferStart                        build/stm32f4xx_hal_dma_ex.o
HAL_DMAEx_MultiBufferStart_IT                     build/stm32f4xx_hal_dma_ex.o
HAL_DMA_Abort                                     build/stm32f4xx_hal_dma.o
                                                  build/stm32f4xx_hal_spi.o
HAL_DMA_Abort_IT                                  build/stm32f4xx_hal_dma.o
                                                  build/stm32f4xx_hal_tim_ex.o
                                                  build/stm32f4xx_hal_tim.o
                                                  build/stm32f4xx_hal_spi.o
                                                  build/stm32f4xx_hal_i2c.o
HAL_DMA_DeInit                                    build/stm32f4xx_hal_dma.o
HAL_DMA_GetError                                  build/stm32f4xx_hal_dma.o
                                                  build/stm32f4xx_hal_i2c.o
HAL_DMA_GetState                                  build/stm32f4xx_hal_dma.o
                                                  build/stm32f4xx_hal_i2c.o
HAL_DMA_IRQHandler                                build/stm32f4xx_hal_dma.o
HAL_DMA_Init                                      build/stm32f4xx_hal_dma.o
HAL_DMA_PollForTransfer                           build/stm32f4xx_hal_dma.o
HAL_DMA_RegisterCallback                          build/stm32f4xx_hal_dma.o
HAL_DMA_Start                                     build/stm32f4xx_hal_dma.o
HAL_DMA_Start_IT                                  build/stm32f4xx_hal_dma.o
                                                  build/stm32f4xx_hal_tim_ex.o
                                                  build/stm32f4xx_hal_tim.o
                                                  build/stm32f4xx_hal_spi.o
                                                  build/stm32f4xx_hal_i2c.o
HAL_DMA_UnRegisterCallback                        build/stm32f4xx_hal_dma.o
HAL_DeInit                                        build/stm32f4xx_hal.o
HAL_Delay                                         build/stm32f4xx_hal.o
                                                  build/stm32f4xx_ll_usb.o
                                                  build/usbd_conf.o
                                                  build/main.o
HAL_DisableCompensationCell                       build/stm32f4xx_hal.o
HAL_EXTI_ClearConfigLine                          build/stm32f4xx_hal_exti.o
HAL_EXTI_ClearPending                             build/stm32f4xx_hal_exti.o
HAL_EXTI_GenerateSWI                              build/stm32f4xx_hal_exti.o
HAL_EXTI_GetConfigLine                            build/stm32f4xx_hal_exti.o
HAL_EXTI_GetHandle                                build/stm32f4xx_hal_exti.o
HAL_EXTI_GetPending                               build/stm32f4xx_hal_exti.o
HAL_EXTI_IRQHandler                               build/stm32f4xx_hal_exti.o
HAL_EXTI_RegisterCallback                         build/stm32f4xx_hal_exti.o
HAL_EXTI_SetConfigLine                            build/stm32f4xx_hal_exti.o
HAL_EnableCompensationCell                        build/stm32f4xx_hal.o
HAL_FLASHEx_Erase                                 build/stm32f4xx_hal_flash_ex.o
HAL_FLASHEx_Erase_IT                              build/stm32f4xx_hal_flash_ex.o
HAL_FLASHEx_OBGetConfig                           build/stm32f4xx_hal_flash_ex.o
HAL_FLASHEx_OBProgram                             build/stm32f4xx_hal_flash_ex.o
HAL_FLASH_EndOfOperationCallback                  build/stm32f4xx_hal_flash.o
HAL_FLASH_GetError                                build/stm32f4xx_hal_flash.o
HAL_FLASH_IRQHandler                              build/stm32f4xx_hal_flash.o
HAL_FLASH_Lock                                    build/stm32f4xx_hal_flash.o
HAL_FLASH_OB_Launch                               build/stm32f4xx_hal_flash.o
HAL_FLASH_OB_Lock                                 build/stm32f4xx_hal_flash.o
HAL_FLASH_OB_Unlock                               build/stm32f4xx_hal_flash.o
HAL_FLASH_OperationErrorCallback                  build/stm32f4xx_hal_flash.o
HAL_FLASH_Program                                 build/stm32f4xx_hal_flash.o
HAL_FLASH_Program_IT                              build/stm32f4xx_hal_flash.o
HAL_FLASH_Unlock                                  build/stm32f4xx_hal_flash.o
HAL_GPIO_DeInit                                   build/stm32f4xx_hal_gpio.o
                                                  build/usbd_conf.o
                                                  build/spi.o
                                                  build/i2c.o
HAL_GPIO_EXTI_Callback                            build/stm32f4xx_hal_gpio.o
HAL_GPIO_EXTI_IRQHandler                          build/stm32f4xx_hal_gpio.o
HAL_GPIO_Init                                     build/stm32f4xx_hal_gpio.o
                                                  build/stm32f4xx_hal_rcc.o
                                                  build/usbd_conf.o
                                                  build/spi.o
                                                  build/i2c.o
                                                  build/gpio.o
HAL_GPIO_LockPin                                  build/stm32f4xx_hal_gpio.o
HAL_GPIO_ReadPin                                  build/stm32f4xx_hal_gpio.o
HAL_GPIO_TogglePin                                build/stm32f4xx_hal_gpio.o
                                                  build/main.o
HAL_GPIO_WritePin                                 build/stm32f4xx_hal_gpio.o
                                                  build/gpio.o
HAL_GetDEVID                                      build/stm32f4xx_hal.o
HAL_GetHalVersion                                 build/stm32f4xx_hal.o
HAL_GetREVID                                      build/stm32f4xx_hal.o
HAL_GetTick                                       build/stm32f4xx_hal.o
                                                  build/stm32f4xx_hal_spi.o
                                                  build/stm32f4xx_hal_i2c.o
                                                  build/stm32f4xx_hal_pwr_ex.o
                                                  build/stm32f4xx_hal_dma.o
                                                  build/stm32f4xx_hal_flash.o
                                                  build/stm32f4xx_hal_rcc_ex.o
                                                  build/stm32f4xx_hal_rcc.o
HAL_GetTickFreq                                   build/stm32f4xx_hal.o
HAL_GetTickPrio                                   build/stm32f4xx_hal.o
HAL_GetUIDw0                                      build/stm32f4xx_hal.o
HAL_GetUIDw1                                      build/stm32f4xx_hal.o
HAL_GetUIDw2                                      build/stm32f4xx_hal.o
HAL_I2C_AbortCpltCallback                         build/stm32f4xx_hal_i2c.o
HAL_I2C_AddrCallback                              build/stm32f4xx_hal_i2c.o
HAL_I2C_DeInit                                    build/stm32f4xx_hal_i2c.o
HAL_I2C_DisableListen_IT                          build/stm32f4xx_hal_i2c.o
HAL_I2C_ER_IRQHandler                             build/stm32f4xx_hal_i2c.o
HAL_I2C_EV_IRQHandler                             build/stm32f4xx_hal_i2c.o
HAL_I2C_EnableListen_IT                           build/stm32f4xx_hal_i2c.o
HAL_I2C_ErrorCallback                             build/stm32f4xx_hal_i2c.o
HAL_I2C_GetError                                  build/stm32f4xx_hal_i2c.o
HAL_I2C_GetMode                                   build/stm32f4xx_hal_i2c.o
HAL_I2C_GetState                                  build/stm32f4xx_hal_i2c.o
HAL_I2C_Init                                      build/stm32f4xx_hal_i2c.o
                                                  build/i2c.o
HAL_I2C_IsDeviceReady                             build/stm32f4xx_hal_i2c.o
HAL_I2C_ListenCpltCallback                        build/stm32f4xx_hal_i2c.o
HAL_I2C_MasterRxCpltCallback                      build/stm32f4xx_hal_i2c.o
HAL_I2C_MasterTxCpltCallback                      build/stm32f4xx_hal_i2c.o
HAL_I2C_Master_Abort_IT                           build/stm32f4xx_hal_i2c.o
HAL_I2C_Master_Receive                            build/stm32f4xx_hal_i2c.o
HAL_I2C_Master_Receive_DMA                        build/stm32f4xx_hal_i2c.o
HAL_I2C_Master_Receive_IT                         build/stm32f4xx_hal_i2c.o
HAL_I2C_Master_Seq_Receive_DMA                    build/stm32f4xx_hal_i2c.o
HAL_I2C_Master_Seq_Receive_IT                     build/stm32f4xx_hal_i2c.o
HAL_I2C_Master_Seq_Transmit_DMA                   build/stm32f4xx_hal_i2c.o
HAL_I2C_Master_Seq_Transmit_IT                    build/stm32f4xx_hal_i2c.o
HAL_I2C_Master_Transmit                           build/stm32f4xx_hal_i2c.o
HAL_I2C_Master_Transmit_DMA                       build/stm32f4xx_hal_i2c.o
HAL_I2C_Master_Transmit_IT                        build/stm32f4xx_hal_i2c.o
HAL_I2C_MemRxCpltCallback                         build/stm32f4xx_hal_i2c.o
HAL_I2C_MemTxCpltCallback                         build/stm32f4xx_hal_i2c.o
HAL_I2C_Mem_Read                                  build/stm32f4xx_hal_i2c.o
HAL_I2C_Mem_Read_DMA                              build/stm32f4xx_hal_i2c.o
HAL_I2C_Mem_Read_IT                               build/stm32f4xx_hal_i2c.o
HAL_I2C_Mem_Write                                 build/stm32f4xx_hal_i2c.o
HAL_I2C_Mem_Write_DMA                             build/stm32f4xx_hal_i2c.o
HAL_I2C_Mem_Write_IT                              build/stm32f4xx_hal_i2c.o
HAL_I2C_MspDeInit                                 build/i2c.o
HAL_I2C_MspInit                                   build/i2c.o
HAL_I2C_SlaveRxCpltCallback                       build/stm32f4xx_hal_i2c.o
HAL_I2C_SlaveTxCpltCallback                       build/stm32f4xx_hal_i2c.o
HAL_I2C_Slave_Receive                             build/stm32f4xx_hal_i2c.o
HAL_I2C_Slave_Receive_DMA                         build/stm32f4xx_hal_i2c.o
HAL_I2C_Slave_Receive_IT                          build/stm32f4xx_hal_i2c.o
HAL_I2C_Slave_Seq_Receive_DMA                     build/stm32f4xx_hal_i2c.o
HAL_I2C_Slave_Seq_Receive_IT                      build/stm32f4xx_hal_i2c.o
HAL_I2C_Slave_Seq_Transmit_DMA                    build/stm32f4xx_hal_i2c.o
HAL_I2C_Slave_Seq_Transmit_IT                     build/stm32f4xx_hal_i2c.o
HAL_I2C_Slave_Transmit                            build/stm32f4xx_hal_i2c.o
HAL_I2C_Slave_Transmit_DMA                        build/stm32f4xx_hal_i2c.o
HAL_I2C_Slave_Transmit_IT                         build/stm32f4xx_hal_i2c.o
HAL_IncTick                                       build/stm32f4xx_hal.o
                                                  build/main.o
HAL_Init                                          build/stm32f4xx_hal.o
                                                  build/main.o
HAL_InitTick                                      build/stm32f4xx_hal_timebase_tim.o
                                                  build/stm32f4xx_hal_rcc_ex.o
                                                  build/stm32f4xx_hal_rcc.o
HAL_MPU_ConfigRegion                              build/stm32f4xx_hal_cortex.o
HAL_MPU_Disable                                   build/stm32f4xx_hal_cortex.o
HAL_MPU_Enable                                    build/stm32f4xx_hal_cortex.o
HAL_MspDeInit                                     build/stm32f4xx_hal.o
HAL_MspInit                                       build/stm32f4xx_hal_msp.o
HAL_NVIC_ClearPendingIRQ                          build/stm32f4xx_hal_cortex.o
HAL_NVIC_DisableIRQ                               build/stm32f4xx_hal_cortex.o
                                                  build/usbd_conf.o
HAL_NVIC_EnableIRQ                                build/stm32f4xx_hal_cortex.o
                                                  build/stm32f4xx_hal_timebase_tim.o
                                                  build/usbd_conf.o
HAL_NVIC_GetActive                                build/stm32f4xx_hal_cortex.o
HAL_NVIC_GetPendingIRQ                            build/stm32f4xx_hal_cortex.o
HAL_NVIC_GetPriority                              build/stm32f4xx_hal_cortex.o
HAL_NVIC_GetPriorityGrouping                      build/stm32f4xx_hal_cortex.o
HAL_NVIC_SetPendingIRQ                            build/stm32f4xx_hal_cortex.o
HAL_NVIC_SetPriority                              build/stm32f4xx_hal_cortex.o
                                                  build/stm32f4xx_hal.o
                                                  build/stm32f4xx_hal_timebase_tim.o
                                                  build/stm32f4xx_hal_msp.o
                                                  build/usbd_conf.o
HAL_NVIC_SetPriorityGrouping                      build/stm32f4xx_hal_cortex.o
                                                  build/stm32f4xx_hal.o
HAL_NVIC_SystemReset                              build/stm32f4xx_hal_cortex.o
HAL_PCDEx_BCD_Callback                            build/stm32f4xx_hal_pcd_ex.o
HAL_PCDEx_LPM_Callback                            build/stm32f4xx_hal_pcd_ex.o
                                                  build/stm32f4xx_hal_pcd.o
HAL_PCDEx_SetRxFiFo                               build/stm32f4xx_hal_pcd_ex.o
                                                  build/usbd_conf.o
HAL_PCDEx_SetTxFiFo                               build/stm32f4xx_hal_pcd_ex.o
                                                  build/usbd_conf.o
HAL_PCD_ActivateRemoteWakeup                      build/stm32f4xx_hal_pcd.o
HAL_PCD_ConnectCallback                           build/usbd_conf.o
HAL_PCD_DataInStageCallback                       build/usbd_conf.o
HAL_PCD_DataOutStageCallback                      build/usbd_conf.o
HAL_PCD_DeActivateRemoteWakeup                    build/stm32f4xx_hal_pcd.o
HAL_PCD_DeInit                                    build/stm32f4xx_hal_pcd.o
                                                  build/usbd_conf.o
HAL_PCD_DevConnect                                build/stm32f4xx_hal_pcd.o
HAL_PCD_DevDisconnect                             build/stm32f4xx_hal_pcd.o
HAL_PCD_DisconnectCallback                        build/usbd_conf.o
HAL_PCD_EP_Close                                  build/stm32f4xx_hal_pcd.o
                                                  build/usbd_conf.o
HAL_PCD_EP_ClrStall                               build/stm32f4xx_hal_pcd.o
                                                  build/usbd_conf.o
HAL_PCD_EP_Flush                                  build/stm32f4xx_hal_pcd.o
                                                  build/usbd_conf.o
HAL_PCD_EP_GetRxCount                             build/stm32f4xx_hal_pcd.o
                                                  build/usbd_conf.o
HAL_PCD_EP_Open                                   build/stm32f4xx_hal_pcd.o
                                                  build/usbd_conf.o
HAL_PCD_EP_Receive                                build/stm32f4xx_hal_pcd.o
                                                  build/usbd_conf.o
HAL_PCD_EP_SetStall                               build/stm32f4xx_hal_pcd.o
                                                  build/usbd_conf.o
HAL_PCD_EP_Transmit                               build/stm32f4xx_hal_pcd.o
                                                  build/usbd_conf.o
HAL_PCD_GetState                                  build/stm32f4xx_hal_pcd.o
HAL_PCD_IRQHandler                                build/stm32f4xx_hal_pcd.o
                                                  build/stm32f4xx_it.o
HAL_PCD_ISOINIncompleteCallback                   build/usbd_conf.o
HAL_PCD_ISOOUTIncompleteCallback                  build/usbd_conf.o
HAL_PCD_Init                                      build/stm32f4xx_hal_pcd.o
                                                  build/usbd_conf.o
HAL_PCD_MspDeInit                                 build/usbd_conf.o
HAL_PCD_MspInit                                   build/usbd_conf.o
HAL_PCD_ResetCallback                             build/usbd_conf.o
HAL_PCD_ResumeCallback                            build/usbd_conf.o
HAL_PCD_SOFCallback                               build/usbd_conf.o
HAL_PCD_SetAddress                                build/stm32f4xx_hal_pcd.o
                                                  build/usbd_conf.o
HAL_PCD_SetupStageCallback                        build/usbd_conf.o
HAL_PCD_Start                                     build/stm32f4xx_hal_pcd.o
                                                  build/usbd_conf.o
HAL_PCD_Stop                                      build/stm32f4xx_hal_pcd.o
                                                  build/usbd_conf.o
HAL_PCD_SuspendCallback                           build/usbd_conf.o
HAL_PCD_WKUP_IRQHandler                           build/stm32f4xx_hal_pcd.o
HAL_PWREx_ControlVoltageScaling                   build/stm32f4xx_hal_pwr_ex.o
HAL_PWREx_DisableBkUpReg                          build/stm32f4xx_hal_pwr_ex.o
HAL_PWREx_DisableFlashPowerDown                   build/stm32f4xx_hal_pwr_ex.o
HAL_PWREx_EnableBkUpReg                           build/stm32f4xx_hal_pwr_ex.o
HAL_PWREx_EnableFlashPowerDown                    build/stm32f4xx_hal_pwr_ex.o
HAL_PWREx_GetVoltageRange                         build/stm32f4xx_hal_pwr_ex.o
HAL_PWR_ConfigPVD                                 build/stm32f4xx_hal_pwr.o
HAL_PWR_DeInit                                    build/stm32f4xx_hal_pwr.o
HAL_PWR_DisableBkUpAccess                         build/stm32f4xx_hal_pwr.o
HAL_PWR_DisablePVD                                build/stm32f4xx_hal_pwr.o
HAL_PWR_DisableSEVOnPend                          build/stm32f4xx_hal_pwr.o
HAL_PWR_DisableSleepOnExit                        build/stm32f4xx_hal_pwr.o
HAL_PWR_DisableWakeUpPin                          build/stm32f4xx_hal_pwr.o
HAL_PWR_EnableBkUpAccess                          build/stm32f4xx_hal_pwr.o
HAL_PWR_EnablePVD                                 build/stm32f4xx_hal_pwr.o
HAL_PWR_EnableSEVOnPend                           build/stm32f4xx_hal_pwr.o
HAL_PWR_EnableSleepOnExit                         build/stm32f4xx_hal_pwr.o
HAL_PWR_EnableWakeUpPin                           build/stm32f4xx_hal_pwr.o
HAL_PWR_EnterSLEEPMode                            build/stm32f4xx_hal_pwr.o
HAL_PWR_EnterSTANDBYMode                          build/stm32f4xx_hal_pwr.o
HAL_PWR_EnterSTOPMode                             build/stm32f4xx_hal_pwr.o
HAL_PWR_PVDCallback                               build/stm32f4xx_hal_pwr.o
HAL_PWR_PVD_IRQHandler                            build/stm32f4xx_hal_pwr.o
HAL_RCCEx_DisablePLLI2S                           build/stm32f4xx_hal_rcc_ex.o
HAL_RCCEx_EnablePLLI2S                            build/stm32f4xx_hal_rcc_ex.o
HAL_RCCEx_GetPeriphCLKConfig                      build/stm32f4xx_hal_rcc_ex.o
HAL_RCCEx_GetPeriphCLKFreq                        build/stm32f4xx_hal_rcc_ex.o
HAL_RCCEx_PeriphCLKConfig                         build/stm32f4xx_hal_rcc_ex.o
HAL_RCC_CSSCallback                               build/stm32f4xx_hal_rcc.o
HAL_RCC_ClockConfig                               build/stm32f4xx_hal_rcc.o
                                                  build/main.o
HAL_RCC_DeInit                                    build/stm32f4xx_hal_rcc_ex.o
                                                  build/stm32f4xx_hal_rcc.o
HAL_RCC_DisableCSS                                build/stm32f4xx_hal_rcc.o
HAL_RCC_EnableCSS                                 build/stm32f4xx_hal_rcc.o
HAL_RCC_GetClockConfig                            build/stm32f4xx_hal_rcc.o
                                                  build/stm32f4xx_hal_timebase_tim.o
HAL_RCC_GetHCLKFreq                               build/stm32f4xx_hal_rcc.o
                                                  build/stm32f4xx_hal_pcd.o
HAL_RCC_GetOscConfig                              build/stm32f4xx_hal_rcc.o
HAL_RCC_GetPCLK1Freq                              build/stm32f4xx_hal_rcc.o
                                                  build/stm32f4xx_hal_i2c.o
                                                  build/stm32f4xx_hal_timebase_tim.o
HAL_RCC_GetPCLK2Freq                              build/stm32f4xx_hal_rcc.o
HAL_RCC_GetSysClockFreq                           build/stm32f4xx_hal_rcc.o
HAL_RCC_MCOConfig                                 build/stm32f4xx_hal_rcc.o
HAL_RCC_NMI_IRQHandler                            build/stm32f4xx_hal_rcc.o
HAL_RCC_OscConfig                                 build/stm32f4xx_hal_rcc.o
                                                  build/main.o
HAL_ResumeTick                                    build/stm32f4xx_hal_timebase_tim.o
HAL_SPI_Abort                                     build/stm32f4xx_hal_spi.o
HAL_SPI_AbortCpltCallback                         build/stm32f4xx_hal_spi.o
HAL_SPI_Abort_IT                                  build/stm32f4xx_hal_spi.o
HAL_SPI_DMAPause                                  build/stm32f4xx_hal_spi.o
HAL_SPI_DMAResume                                 build/stm32f4xx_hal_spi.o
HAL_SPI_DMAStop                                   build/stm32f4xx_hal_spi.o
HAL_SPI_DeInit                                    build/stm32f4xx_hal_spi.o
HAL_SPI_ErrorCallback                             build/stm32f4xx_hal_spi.o
HAL_SPI_GetError                                  build/stm32f4xx_hal_spi.o
HAL_SPI_GetState                                  build/stm32f4xx_hal_spi.o
HAL_SPI_IRQHandler                                build/stm32f4xx_hal_spi.o
HAL_SPI_Init                                      build/stm32f4xx_hal_spi.o
                                                  build/spi.o
HAL_SPI_MspDeInit                                 build/spi.o
HAL_SPI_MspInit                                   build/spi.o
HAL_SPI_Receive                                   build/stm32f4xx_hal_spi.o
HAL_SPI_Receive_DMA                               build/stm32f4xx_hal_spi.o
HAL_SPI_Receive_IT                                build/stm32f4xx_hal_spi.o
HAL_SPI_RxCpltCallback                            build/stm32f4xx_hal_spi.o
HAL_SPI_RxHalfCpltCallback                        build/stm32f4xx_hal_spi.o
HAL_SPI_Transmit                                  build/stm32f4xx_hal_spi.o
HAL_SPI_TransmitReceive                           build/stm32f4xx_hal_spi.o
HAL_SPI_TransmitReceive_DMA                       build/stm32f4xx_hal_spi.o
HAL_SPI_TransmitReceive_IT                        build/stm32f4xx_hal_spi.o
HAL_SPI_Transmit_DMA                              build/stm32f4xx_hal_spi.o
HAL_SPI_Transmit_IT                               build/stm32f4xx_hal_spi.o
HAL_SPI_TxCpltCallback                            build/stm32f4xx_hal_spi.o
HAL_SPI_TxHalfCpltCallback                        build/stm32f4xx_hal_spi.o
HAL_SPI_TxRxCpltCallback                          build/stm32f4xx_hal_spi.o
HAL_SPI_TxRxHalfCpltCallback                      build/stm32f4xx_hal_spi.o
HAL_SYSTICK_CLKSourceConfig                       build/stm32f4xx_hal_cortex.o
HAL_SYSTICK_Callback                              build/stm32f4xx_hal_cortex.o
HAL_SYSTICK_Config                                build/stm32f4xx_hal_cortex.o
                                                  build/stm32f4xx_hal.o
HAL_SYSTICK_IRQHandler                            build/stm32f4xx_hal_cortex.o
HAL_SetTickFreq                                   build/stm32f4xx_hal.o
HAL_SuspendTick                                   build/stm32f4xx_hal_timebase_tim.o
HAL_TIMEx_BreakCallback                           build/stm32f4xx_hal_tim_ex.o
                                                  build/stm32f4xx_hal_tim.o
HAL_TIMEx_CommutCallback                          build/stm32f4xx_hal_tim_ex.o
                                                  build/stm32f4xx_hal_tim.o
HAL_TIMEx_CommutHalfCpltCallback                  build/stm32f4xx_hal_tim_ex.o
HAL_TIMEx_ConfigBreakDeadTime                     build/stm32f4xx_hal_tim_ex.o
HAL_TIMEx_ConfigCommutEvent                       build/stm32f4xx_hal_tim_ex.o
HAL_TIMEx_ConfigCommutEvent_DMA                   build/stm32f4xx_hal_tim_ex.o
HAL_TIMEx_ConfigCommutEvent_IT                    build/stm32f4xx_hal_tim_ex.o
HAL_TIMEx_GetChannelNState                        build/stm32f4xx_hal_tim_ex.o
HAL_TIMEx_HallSensor_DeInit                       build/stm32f4xx_hal_tim_ex.o
HAL_TIMEx_HallSensor_GetState                     build/stm32f4xx_hal_tim_ex.o
HAL_TIMEx_HallSensor_Init                         build/stm32f4xx_hal_tim_ex.o
HAL_TIMEx_HallSensor_MspDeInit                    build/stm32f4xx_hal_tim_ex.o
HAL_TIMEx_HallSensor_MspInit                      build/stm32f4xx_hal_tim_ex.o
HAL_TIMEx_HallSensor_Start                        build/stm32f4xx_hal_tim_ex.o
HAL_TIMEx_HallSensor_Start_DMA                    build/stm32f4xx_hal_tim_ex.o
HAL_TIMEx_HallSensor_Start_IT                     build/stm32f4xx_hal_tim_ex.o
HAL_TIMEx_HallSensor_Stop                         build/stm32f4xx_hal_tim_ex.o
HAL_TIMEx_HallSensor_Stop_DMA                     build/stm32f4xx_hal_tim_ex.o
HAL_TIMEx_HallSensor_Stop_IT                      build/stm32f4xx_hal_tim_ex.o
HAL_TIMEx_MasterConfigSynchronization             build/stm32f4xx_hal_tim_ex.o
HAL_TIMEx_OCN_Start                               build/stm32f4xx_hal_tim_ex.o
HAL_TIMEx_OCN_Start_DMA                           build/stm32f4xx_hal_tim_ex.o
HAL_TIMEx_OCN_Start_IT                            build/stm32f4xx_hal_tim_ex.o
HAL_TIMEx_OCN_Stop                                build/stm32f4xx_hal_tim_ex.o
HAL_TIMEx_OCN_Stop_DMA                            build/stm32f4xx_hal_tim_ex.o
HAL_TIMEx_OCN_Stop_IT                             build/stm32f4xx_hal_tim_ex.o
HAL_TIMEx_OnePulseN_Start                         build/stm32f4xx_hal_tim_ex.o
HAL_TIMEx_OnePulseN_Start_IT                      build/stm32f4xx_hal_tim_ex.o
HAL_TIMEx_OnePulseN_Stop                          build/stm32f4xx_hal_tim_ex.o
HAL_TIMEx_OnePulseN_Stop_IT                       build/stm32f4xx_hal_tim_ex.o
HAL_TIMEx_PWMN_Start                              build/stm32f4xx_hal_tim_ex.o
HAL_TIMEx_PWMN_Start_DMA                          build/stm32f4xx_hal_tim_ex.o
HAL_TIMEx_PWMN_Start_IT                           build/stm32f4xx_hal_tim_ex.o
HAL_TIMEx_PWMN_Stop                               build/stm32f4xx_hal_tim_ex.o
HAL_TIMEx_PWMN_Stop_DMA                           build/stm32f4xx_hal_tim_ex.o
HAL_TIMEx_PWMN_Stop_IT                            build/stm32f4xx_hal_tim_ex.o
HAL_TIMEx_RemapConfig                             build/stm32f4xx_hal_tim_ex.o
HAL_TIM_Base_DeInit                               build/stm32f4xx_hal_tim.o
HAL_TIM_Base_GetState                             build/stm32f4xx_hal_tim.o
HAL_TIM_Base_Init                                 build/stm32f4xx_hal_tim.o
                                                  build/stm32f4xx_hal_timebase_tim.o
HAL_TIM_Base_MspDeInit                            build/stm32f4xx_hal_tim.o